
[1m[46m RUN [49m[22m [36mv4.0.17 [39m[90mC:/Users/developer/Documents/manholes-mapper/frontend[39m

[90mstdout[2m | tests/unit/cockpit.test.ts
[22m[39m[dotenv@17.2.3] injecting env (0) from .env.local -- tip: ≡ƒöÉ prevent committing .env to code: https://dotenvx.com/precommit

[90mstdout[2m | tests/unit/intel-strip.test.ts
[22m[39m[dotenv@17.2.3] injecting env (0) from .env.local -- tip: ΓÜÖ∩╕Å  specify custom .env file path with { path: '/custom/path/.env' }

[90mstdout[2m | tests/unit/admin-settings.test.ts
[22m[39m[dotenv@17.2.3] injecting env (0) from .env.local -- tip: ΓÜÖ∩╕Å  enable debug logging with { debug: true }

[90mstderr[2m | tests/unit/cockpit.test.ts
[22m[39mWarning: Missing environment variables for integration tests: POSTGRES_URL
Some tests may be skipped. Make sure .env.local is configured.
System.Management.Automation.RemoteException
[90mstderr[2m | tests/unit/intel-strip.test.ts
[22m[39mWarning: Missing environment variables for integration tests: POSTGRES_URL
Some tests may be skipped. Make sure .env.local is configured.
System.Management.Automation.RemoteException
[90mstderr[2m | tests/unit/admin-settings.test.ts
[22m[39mWarning: Missing environment variables for integration tests: POSTGRES_URL
Some tests may be skipped. Make sure .env.local is configured.
System.Management.Automation.RemoteException
[90mstdout[2m | tests/sync-service.test.ts
[22m[39m[dotenv@17.2.3] injecting env (0) from .env.local -- tip: ΓÜÖ∩╕Å  load multiple .env files with { path: ['.env.local', '.env'] }

[90mstderr[2m | tests/sync-service.test.ts
[22m[39mWarning: Missing environment variables for integration tests: POSTGRES_URL
Some tests may be skipped. Make sure .env.local is configured.
System.Management.Automation.RemoteException
[90mstdout[2m | tests/unit/action-rail.test.ts
[22m[39m[dotenv@17.2.3] injecting env (0) from .env.local -- tip: ≡ƒùé∩╕Å backup and recover secrets: https://dotenvx.com/ops

[90mstderr[2m | tests/unit/action-rail.test.ts
[22m[39mWarning: Missing environment variables for integration tests: POSTGRES_URL
Some tests may be skipped. Make sure .env.local is configured.
System.Management.Automation.RemoteException
[90mstdout[2m | tests/sync-service.test.ts[2m > [22m[2mSync Service Unit Tests[2m > [22m[2msyncFromCloud[2m > [22m[2mshould fetch sketches and save to IndexedDB
[22m[39m[Sync] Starting cloud sync...

[90mstdout[2m | tests/sync-service.test.ts[2m > [22m[2mSync Service Unit Tests[2m > [22m[2msyncFromCloud[2m > [22m[2mshould fetch sketches and save to IndexedDB
[22m[39m[Sync] Fetched 1 sketches from cloud

[90mstdout[2m | tests/sync-service.test.ts[2m > [22m[2mSync Service Unit Tests[2m > [22m[2msyncFromCloud[2m > [22m[2mshould fetch sketches and save to IndexedDB
[22m[39m[Sync] Updated legacy localStorage with 1 sketches

[90mstdout[2m | tests/sync-service.test.ts[2m > [22m[2mSync Service Unit Tests[2m > [22m[2msyncFromCloud[2m > [22m[2mshould fetch sketches and save to IndexedDB
[22m[39m[Sync] Synced 1 sketches from cloud successfully

[90mstdout[2m | tests/sync-service.test.ts[2m > [22m[2mSync Service Unit Tests[2m > [22m[2msyncFromCloud[2m > [22m[2mshould remove local sketches that were deleted in cloud
[22m[39m[Sync] Starting cloud sync...

[90mstdout[2m | tests/sync-service.test.ts[2m > [22m[2mSync Service Unit Tests[2m > [22m[2msyncFromCloud[2m > [22m[2mshould remove local sketches that were deleted in cloud
[22m[39m[Sync] Fetched 0 sketches from cloud

[90mstdout[2m | tests/sync-service.test.ts[2m > [22m[2mSync Service Unit Tests[2m > [22m[2msyncFromCloud[2m > [22m[2mshould remove local sketches that were deleted in cloud
[22m[39m[Sync] Updated legacy localStorage with 0 sketches

[90mstdout[2m | tests/sync-service.test.ts[2m > [22m[2mSync Service Unit Tests[2m > [22m[2msyncFromCloud[2m > [22m[2mshould remove local sketches that were deleted in cloud
[22m[39m[Sync] Synced 0 sketches from cloud successfully

[90mstdout[2m | tests/sync-service.test.ts[2m > [22m[2mSync Service Unit Tests[2m > [22m[2msyncFromCloud[2m > [22m[2mshould not sync if offline
[22m[39m[Sync] Offline ΓÇö loading from cache

[90mstdout[2m | tests/sync-service.test.ts[2m > [22m[2mSync Service Unit Tests[2m > [22m[2msyncSketchToCloud[2m > [22m[2mshould POST new sketch without UUID
[22m[39m[Sync] Syncing sketch "New Local Sketch" (undefined): { nodesCount: [33m1[39m, edgesCount: [33m0[39m, hasAdminConfig: [33mfalse[39m }

[90mstdout[2m | tests/sync-service.test.ts[2m > [22m[2mSync Service Unit Tests[2m > [22m[2msyncSketchToCloud[2m > [22m[2mshould PUT existing sketch with UUID
[22m[39m[Sync] Syncing sketch "Existing Sketch" (12345678-1234-1234-1234-123456789012): { nodesCount: [33m1[39m, edgesCount: [33m0[39m, hasAdminConfig: [33mfalse[39m }

[90mstderr[2m | tests/sync-service.test.ts[2m > [22m[2mSync Service Unit Tests[2m > [22m[2msyncSketchToCloud[2m > [22m[2mshould skip sync for legacy non-UUID sketch IDs
[22m[39m[Sync] Skipping cloud sync for legacy sketch ID "sk_abc123" (not a valid UUID)
System.Management.Automation.RemoteException
[90mstderr[2m | tests/sync-service.test.ts[2m > [22m[2mSync Service Unit Tests[2m > [22m[2msyncSketchToCloud[2m > [22m[2mshould skip sync for legacy IDs even when offline
[22m[39m[Sync] Skipping cloud sync for legacy sketch ID "sk_abc123" (not a valid UUID)
System.Management.Automation.RemoteException
[90mstdout[2m | tests/sync-service.test.ts[2m > [22m[2mSync Service Unit Tests[2m > [22m[2mdebouncedSyncToCloud[2m > [22m[2mshould debounce calls
[22m[39m[Sync] Syncing sketch "Rapid Edit" (12345678-1234-1234-1234-123456789012): { nodesCount: [33m1[39m, edgesCount: [33m0[39m, hasAdminConfig: [33mfalse[39m }

[90mstdout[2m | tests/sync-service.test.ts[2m > [22m[2mSync Service Unit Tests[2m > [22m[2mOffline Queue & processSyncQueue[2m > [22m[2mshould process queued operations when online
[22m[39m[Sync] Processing 2 queued operations

[90mstdout[2m | tests/sync-service.test.ts[2m > [22m[2mSync Service Unit Tests[2m > [22m[2mOffline Queue & processSyncQueue[2m > [22m[2mshould leave failed operations in the queue for retry
[22m[39m[Sync] Processing 1 queued operations

[90mstderr[2m | tests/sync-service.test.ts[2m > [22m[2mSync Service Unit Tests[2m > [22m[2mOffline Queue & processSyncQueue[2m > [22m[2mshould leave failed operations in the queue for retry
[22m[39m[Sync] Failed to process queued operation: {
  type: [32m'UPDATE'[39m,
  data: { id: [32m'12345678-1234-1234-1234-123456789011'[39m, name: [32m'Failed'[39m },
  _queueKey: [33m1[39m
} Error: API Down
    at C:/Users/developer/Documents/manholes-mapper/frontend/tests/sync-service.test.ts:243:47
    at file:///C:/Users/developer/Documents/manholes-mapper/node_modules/[4m@vitest/runner[24m/dist/index.js:145:11
    at file:///C:/Users/developer/Documents/manholes-mapper/node_modules/[4m@vitest/runner[24m/dist/index.js:915:26
    at file:///C:/Users/developer/Documents/manholes-mapper/node_modules/[4m@vitest/runner[24m/dist/index.js:1243:20
    at new Promise (<anonymous>)
    at runWithTimeout (file:///C:/Users/developer/Documents/manholes-mapper/node_modules/[4m@vitest/runner[24m/dist/index.js:1209:10)
    at file:///C:/Users/developer/Documents/manholes-mapper/node_modules/[4m@vitest/runner[24m/dist/index.js:1653:37
    at Traces.$ (file:///C:/Users/developer/Documents/manholes-mapper/node_modules/[4mvitest[24m/dist/chunks/traces.CCmnQaNT.js:142:27)
    at trace (file:///C:/Users/developer/Documents/manholes-mapper/node_modules/[4mvitest[24m/dist/chunks/test.B8ej_ZHS.js:239:21)
    at runTest (file:///C:/Users/developer/Documents/manholes-mapper/node_modules/[4m@vitest/runner[24m/dist/index.js:1653:12)
System.Management.Automation.RemoteException
[90mstderr[2m | tests/sync-service.test.ts[2m > [22m[2mSync Service Unit Tests[2m > [22m[2mOffline Queue & processSyncQueue[2m > [22m[2mshould filter out legacy IDs from queued operations and remove them from queue
[22m[39m[Sync] Discarding queued UPDATE for legacy sketch ID "sk_legacy"
System.Management.Automation.RemoteException
[90mstderr[2m | tests/sync-service.test.ts[2m > [22m[2mSync Service Unit Tests[2m > [22m[2mOffline Queue & processSyncQueue[2m > [22m[2mshould filter out legacy IDs from queued operations and remove them from queue
[22m[39m[Sync] Discarding queued DELETE for legacy sketch ID "sk_old"
System.Management.Automation.RemoteException
[90mstdout[2m | tests/sync-service.test.ts[2m > [22m[2mSync Service Unit Tests[2m > [22m[2mOffline Queue & processSyncQueue[2m > [22m[2mshould filter out legacy IDs from queued operations and remove them from queue
[22m[39m[Sync] Processing 1 queued operations

[90mstdout[2m | tests/sync-service.test.ts[2m > [22m[2mSync Service Unit Tests[2m > [22m[2mConflict Resolution scenarios[2m > [22m[2msyncFromCloud should prioritize cloud data (current implementation)
[22m[39m[Sync] Starting cloud sync...

[90mstdout[2m | tests/sync-service.test.ts[2m > [22m[2mSync Service Unit Tests[2m > [22m[2mConflict Resolution scenarios[2m > [22m[2msyncFromCloud should prioritize cloud data (current implementation)
[22m[39m[Sync] Fetched 1 sketches from cloud

[90mstdout[2m | tests/sync-service.test.ts[2m > [22m[2mSync Service Unit Tests[2m > [22m[2mConflict Resolution scenarios[2m > [22m[2msyncFromCloud should prioritize cloud data (current implementation)
[22m[39m[Sync] Updated legacy localStorage with 1 sketches

[90mstdout[2m | tests/sync-service.test.ts[2m > [22m[2mSync Service Unit Tests[2m > [22m[2mConflict Resolution scenarios[2m > [22m[2msyncFromCloud should prioritize cloud data (current implementation)
[22m[39m[Sync] Synced 1 sketches from cloud successfully

[90mstdout[2m | tests/sync-service.test.ts[2m > [22m[2mSync Service Unit Tests[2m > [22m[2mConflict Resolution scenarios[2m > [22m[2msyncSketchToCloud should handle sketch created locally then synced
[22m[39m[Sync] Syncing sketch "Local Only" (undefined): { nodesCount: [33m1[39m, edgesCount: [33m0[39m, hasAdminConfig: [33mfalse[39m }

[90mstdout[2m | tests/sync-service.test.ts[2m > [22m[2mSync Service Unit Tests[2m > [22m[2mStructural Conflict Resolution[2m > [22m[2mshould save backup and accept server version on structural conflict
[22m[39m[Sync] Syncing sketch "My Sketch" (12345678-1234-1234-1234-123456789abc): { nodesCount: [33m1[39m, edgesCount: [33m0[39m, hasAdminConfig: [33mfalse[39m }

[90mstderr[2m | tests/sync-service.test.ts[2m > [22m[2mSync Service Unit Tests[2m > [22m[2mStructural Conflict Resolution[2m > [22m[2mshould save backup and accept server version on structural conflict
[22m[39m[Sync] Version conflict for sketch 12345678-1234-1234-1234-123456789abc ΓÇö server v5, local v?.
[Sync] Structural conflict for sketch 12345678-1234-1234-1234-123456789abc: local 1 nodes / 0 edges vs server 2 nodes / 1 edges. Accepting server version and backing up local changes.
System.Management.Automation.RemoteException
[90mstdout[2m | tests/sync-service.test.ts[2m > [22m[2mSync Service Unit Tests[2m > [22m[2mStructural Conflict Resolution[2m > [22m[2mshould auto-merge metadata-only conflict without notifying user
[22m[39m[Sync] Syncing sketch "Local Name" (12345678-1234-1234-1234-123456789def): { nodesCount: [33m1[39m, edgesCount: [33m0[39m, hasAdminConfig: [33mfalse[39m }

[90mstderr[2m | tests/sync-service.test.ts[2m > [22m[2mSync Service Unit Tests[2m > [22m[2mStructural Conflict Resolution[2m > [22m[2mshould auto-merge metadata-only conflict without notifying user
[22m[39m[Sync] Version conflict for sketch 12345678-1234-1234-1234-123456789def ΓÇö server v3, local v?.
System.Management.Automation.RemoteException
[90mstdout[2m | tests/sync-service.test.ts[2m > [22m[2mSync Service Unit Tests[2m > [22m[2mStructural Conflict Resolution[2m > [22m[2mshould auto-merge metadata-only conflict without notifying user
[22m[39m[Sync] Conflict is metadata-only for sketch 12345678-1234-1234-1234-123456789def ΓÇö auto-merging.

[90mstdout[2m | tests/sync-service.test.ts[2m > [22m[2mSync Service Unit Tests[2m > [22m[2mExponential Backoff & Retry[2m > [22m[2mwithRetry should retry on transient errors
[22m[39m[Sync] test failed (attempt 1/3), retrying in 969ms: Network error

 [32mΓ£ô[39m tests/unit/intel-strip.test.ts [2m([22m[2m50 tests[22m[2m)[22m[33m 350[2mms[22m[39m
[vitest-pool]: Failed to terminate forks worker for test files C:/Users/developer/Documents/manholes-mapper/frontend/tests/unit/fc-shell.test.ts. Error: The child process was torn down or never initialized. This is a bug in Vitest.
    at ForksPoolWorker.get fork [as fork] (file:///C:/Users/developer/Documents/manholes-mapper/node_modules/vitest/dist/chunks/cli-api.Cx2DW4Bc.js:7714:26)
    at ForksPoolWorker.off (file:///C:/Users/developer/Documents/manholes-mapper/node_modules/vitest/dist/chunks/cli-api.Cx2DW4Bc.js:7663:8)
    at PoolRunner.stop (file:///C:/Users/developer/Documents/manholes-mapper/node_modules/vitest/dist/chunks/cli-api.Cx2DW4Bc.js:7544:16)
    at Pool.schedule (file:///C:/Users/developer/Documents/manholes-mapper/node_modules/vitest/dist/chunks/cli-api.Cx2DW4Bc.js:8065:35)
    at processTicksAndRejections (node:internal/process/task_queues:104:5)
[vitest-pool]: Failed to terminate forks worker for test files C:/Users/developer/Documents/manholes-mapper/frontend/tests/unit/fc-panels.test.ts. Error: The child process was torn down or never initialized. This is a bug in Vitest.
    at ForksPoolWorker.get fork [as fork] (file:///C:/Users/developer/Documents/manholes-mapper/node_modules/vitest/dist/chunks/cli-api.Cx2DW4Bc.js:7714:26)
    at ForksPoolWorker.off (file:///C:/Users/developer/Documents/manholes-mapper/node_modules/vitest/dist/chunks/cli-api.Cx2DW4Bc.js:7663:8)
    at PoolRunner.stop (file:///C:/Users/developer/Documents/manholes-mapper/node_modules/vitest/dist/chunks/cli-api.Cx2DW4Bc.js:7544:16)
    at Pool.schedule (file:///C:/Users/developer/Documents/manholes-mapper/node_modules/vitest/dist/chunks/cli-api.Cx2DW4Bc.js:8065:35)
    at processTicksAndRejections (node:internal/process/task_queues:104:5)
[vitest-pool]: Failed to terminate forks worker for test files C:/Users/developer/Documents/manholes-mapper/frontend/tests/unit/admin-organizations.test.ts. Error: The child process was torn down or never initialized. This is a bug in Vitest.
    at ForksPoolWorker.get fork [as fork] (file:///C:/Users/developer/Documents/manholes-mapper/node_modules/vitest/dist/chunks/cli-api.Cx2DW4Bc.js:7714:26)
    at ForksPoolWorker.off (file:///C:/Users/developer/Documents/manholes-mapper/node_modules/vitest/dist/chunks/cli-api.Cx2DW4Bc.js:7663:8)
    at PoolRunner.stop (file:///C:/Users/developer/Documents/manholes-mapper/node_modules/vitest/dist/chunks/cli-api.Cx2DW4Bc.js:7544:16)
    at Pool.schedule (file:///C:/Users/developer/Documents/manholes-mapper/node_modules/vitest/dist/chunks/cli-api.Cx2DW4Bc.js:8065:35)
    at processTicksAndRejections (node:internal/process/task_queues:104:5)
System.Management.Automation.RemoteException
<--- Last few GCs --->
System.Management.Automation.RemoteException
[23276:000001ED9F536000]     1661 ms: Scavenge 77.9 (111.0) -> 59.0 (120.0) MB, pooled: 0 MB, 10.14 / 0.02 ms  (average mu = 0.994, current mu = 0.994) allocation failure; 
[23276:000001ED9F536000]     1792 ms: Scavenge 87.2 (120.2) -> 63.9 (124.5) MB, pooled: 39 MB, 9.22 / 0.01 ms  (average mu = 0.994, current mu = 0.994) allocation failure; 
System.Management.Automation.RemoteException
FATAL ERROR: Zone Allocation failed - process out of memory
----- Native stack trace -----
System.Management.Automation.RemoteException
System.Management.Automation.RemoteException
<--- Last few GCs --->
System.Management.Automation.RemoteException
[23276:000001ED9F536000]     1661 ms: Scavenge 77.9 (111.0) -> 59.0 (120.0) MB, pooled: 0 MB, 10.14 / 0.02 ms  (average mu = 0.994, current mu = 0.994) allocation failure; 
[23276:000001ED9F536000]     1792 ms: Scavenge 87.2 (120.2) -> 63.9 (124.5) MB, pooled: 39 MB, 9.22 / 0.01 ms  (average mu = 0.994, current mu = 0.994) allocation failure; 
System.Management.Automation.RemoteException
FATAL ERROR: Zone Allocation failed - process out of memory
----- Native stack trace -----
System.Management.Automation.RemoteException
 1: 00007FF60224C36F 
 2: 00007FF602E94D77 
 3: 00007FF60280FBD6 
 4: 00007FF603968082 
 5: 00007FF6038418B4 
 6: 00007FF603E19CFA 
 7: 00007FF603E1DE78 
 8: 00007FF603E15FAC 
 9: 00007FF603E0F43A 
10: 00007FF603977BBD 
11: 00007FF6038B0AA9 
12: 00007FF603978468 
13: 00007FF60397812C 
14: 00007FF603977E98 
15: 00007FF6038B1191 
16: 00007FF60388A740 
17: 00007FF6038877E5 
18: 00007FF6038871ED 
19: 00007FF602E089AF 
20: 00007FF602DCDA3D 
21: 00007FF602DCD735 
22: 00007FF60367570F 
23: 00007FF60219CD8E 
24: 00007FF602EEA096 
25: 00007FF6041492B3 
26: 00007FF994E47374 
27: 00007FF99637CC91 
 [32mΓ£ô[39m tests/unit/action-rail.test.ts [2m([22m[2m41 tests[22m[2m)[22m[33m 580[2mms[22m[39m
 [32mΓ£ô[39m tests/unit/cockpit.test.ts [2m([22m[2m27 tests[22m[2m)[22m[33m 896[2mms[22m[39m
[90mstdout[2m | tests/sync-service.test.ts[2m > [22m[2mSync Service Unit Tests[2m > [22m[2mExponential Backoff & Retry[2m > [22m[2mwithRetry should retry on 429 rate limit
[22m[39m[Sync] operation failed (attempt 1/3), retrying in 776ms: Rate limited

[90mstdout[2m | tests/unit/admin-fixes.test.ts
[22m[39m[dotenv@17.2.3] injecting env (0) from .env.local -- tip: ≡ƒæÑ sync secrets across teammates & machines: https://dotenvx.com/ops

[90mstderr[2m | tests/unit/admin-fixes.test.ts
[22m[39mWarning: Missing environment variables for integration tests: POSTGRES_URL
Some tests may be skipped. Make sure .env.local is configured.
System.Management.Automation.RemoteException
[90mstdout[2m | tests/unit/admin-users.test.ts
[22m[39m[dotenv@17.2.3] injecting env (0) from .env.local -- tip: ≡ƒöÉ encrypt with Dotenvx: https://dotenvx.com

[90mstderr[2m | tests/unit/admin-users.test.ts
[22m[39mWarning: Missing environment variables for integration tests: POSTGRES_URL
Some tests may be skipped. Make sure .env.local is configured.
System.Management.Automation.RemoteException
[90mstderr[2m | tests/unit/admin-fixes.test.ts[2m > [22m[2mAdminFixes[2m > [22m[2mhandles load error gracefully
[22m[39m[AdminFixes] load error Error: Network error
    at C:/Users/developer/Documents/manholes-mapper/frontend/tests/unit/admin-fixes.test.ts:218:33
    at file:///C:/Users/developer/Documents/manholes-mapper/node_modules/[4m@vitest/runner[24m/dist/index.js:145:11
    at file:///C:/Users/developer/Documents/manholes-mapper/node_modules/[4m@vitest/runner[24m/dist/index.js:915:26
    at file:///C:/Users/developer/Documents/manholes-mapper/node_modules/[4m@vitest/runner[24m/dist/index.js:1243:20
    at new Promise (<anonymous>)
    at runWithTimeout (file:///C:/Users/developer/Documents/manholes-mapper/node_modules/[4m@vitest/runner[24m/dist/index.js:1209:10)
    at file:///C:/Users/developer/Documents/manholes-mapper/node_modules/[4m@vitest/runner[24m/dist/index.js:1653:37
    at Traces.$ (file:///C:/Users/developer/Documents/manholes-mapper/node_modules/[4mvitest[24m/dist/chunks/traces.CCmnQaNT.js:142:27)
    at trace (file:///C:/Users/developer/Documents/manholes-mapper/node_modules/[4mvitest[24m/dist/chunks/test.B8ej_ZHS.js:239:21)
    at runTest (file:///C:/Users/developer/Documents/manholes-mapper/node_modules/[4m@vitest/runner[24m/dist/index.js:1653:12)
System.Management.Automation.RemoteException
[90mstderr[2m | tests/unit/admin-users.test.ts[2m > [22m[2mAdminUsers[2m > [22m[2mreverts role on update failure
[22m[39m[AdminUsers] role update error Error: HTTP 500
    at AdminUsers._updateUserRole (C:/Users/developer/Documents/manholes-mapper/frontend/src/admin/admin-users.js:188:26)
[90m    at processTicksAndRejections (node:internal/process/task_queues:104:5)[39m
System.Management.Automation.RemoteException
[90mstderr[2m | tests/unit/admin-users.test.ts[2m > [22m[2mAdminUsers[2m > [22m[2mhandles load errors gracefully
[22m[39m[AdminUsers] load error Error: Network error
    at C:/Users/developer/Documents/manholes-mapper/frontend/tests/unit/admin-users.test.ts:234:38
    at file:///C:/Users/developer/Documents/manholes-mapper/node_modules/[4m@vitest/runner[24m/dist/index.js:145:11
    at file:///C:/Users/developer/Documents/manholes-mapper/node_modules/[4m@vitest/runner[24m/dist/index.js:915:26
    at file:///C:/Users/developer/Documents/manholes-mapper/node_modules/[4m@vitest/runner[24m/dist/index.js:1243:20
    at new Promise (<anonymous>)
    at runWithTimeout (file:///C:/Users/developer/Documents/manholes-mapper/node_modules/[4m@vitest/runner[24m/dist/index.js:1209:10)
    at file:///C:/Users/developer/Documents/manholes-mapper/node_modules/[4m@vitest/runner[24m/dist/index.js:1653:37
    at Traces.$ (file:///C:/Users/developer/Documents/manholes-mapper/node_modules/[4mvitest[24m/dist/chunks/traces.CCmnQaNT.js:142:27)
    at trace (file:///C:/Users/developer/Documents/manholes-mapper/node_modules/[4mvitest[24m/dist/chunks/test.B8ej_ZHS.js:239:21)
    at runTest (file:///C:/Users/developer/Documents/manholes-mapper/node_modules/[4m@vitest/runner[24m/dist/index.js:1653:12)
System.Management.Automation.RemoteException
 [32mΓ£ô[39m tests/unit/admin-users.test.ts [2m([22m[2m14 tests[22m[2m)[22m[32m 179[2mms[22m[39m
 [32mΓ£ô[39m tests/unit/admin-fixes.test.ts [2m([22m[2m14 tests[22m[2m)[22m[32m 187[2mms[22m[39m
[90mstdout[2m | tests/sync-service.test.ts[2m > [22m[2mSync Service Unit Tests[2m > [22m[2mExponential Backoff & Retry[2m > [22m[2mwithRetry should retry on 500 server errors
[22m[39m[Sync] operation failed (attempt 1/4), retrying in 1063ms: Internal Server Error

[90mstdout[2m | tests/unit/admin-features.test.ts
[22m[39m[dotenv@17.2.3] injecting env (0) from .env.local -- tip: ≡ƒöæ add access controls to secrets: https://dotenvx.com/ops

[90mstderr[2m | tests/unit/admin-features.test.ts
[22m[39mWarning: Missing environment variables for integration tests: POSTGRES_URL
Some tests may be skipped. Make sure .env.local is configured.
System.Management.Automation.RemoteException
[90mstderr[2m | tests/unit/admin-features.test.ts[2m > [22m[2mAdminFeatures[2m > [22m[2mshows error toast on save failure
[22m[39m[AdminFeatures] save error Error: HTTP 500
    at AdminFeatures._saveFeatures (C:/Users/developer/Documents/manholes-mapper/frontend/src/admin/admin-features.js:208:26)
[90m    at processTicksAndRejections (node:internal/process/task_queues:104:5)[39m
System.Management.Automation.RemoteException
[90mstderr[2m | tests/unit/admin-features.test.ts[2m > [22m[2mAdminFeatures[2m > [22m[2mhandles fetch errors gracefully during target load
[22m[39m[AdminFeatures] load targets error Error: Network error
    at C:/Users/developer/Documents/manholes-mapper/frontend/tests/unit/admin-features.test.ts:212:33
    at file:///C:/Users/developer/Documents/manholes-mapper/node_modules/[4m@vitest/runner[24m/dist/index.js:145:11
    at file:///C:/Users/developer/Documents/manholes-mapper/node_modules/[4m@vitest/runner[24m/dist/index.js:915:26
    at file:///C:/Users/developer/Documents/manholes-mapper/node_modules/[4m@vitest/runner[24m/dist/index.js:1243:20
    at new Promise (<anonymous>)
    at runWithTimeout (file:///C:/Users/developer/Documents/manholes-mapper/node_modules/[4m@vitest/runner[24m/dist/index.js:1209:10)
    at file:///C:/Users/developer/Documents/manholes-mapper/node_modules/[4m@vitest/runner[24m/dist/index.js:1653:37
    at Traces.$ (file:///C:/Users/developer/Documents/manholes-mapper/node_modules/[4mvitest[24m/dist/chunks/traces.CCmnQaNT.js:142:27)
    at trace (file:///C:/Users/developer/Documents/manholes-mapper/node_modules/[4mvitest[24m/dist/chunks/test.B8ej_ZHS.js:239:21)
    at runTest (file:///C:/Users/developer/Documents/manholes-mapper/node_modules/[4m@vitest/runner[24m/dist/index.js:1653:12)
System.Management.Automation.RemoteException
 [32mΓ£ô[39m tests/unit/admin-features.test.ts [2m([22m[2m10 tests[22m[2m)[22m[32m 133[2mms[22m[39m
[90mstdout[2m | tests/unit/projects-homepage.test.ts
[22m[39m[dotenv@17.2.3] injecting env (0) from .env.local -- tip: ≡ƒöÉ prevent building .env in docker: https://dotenvx.com/prebuild

[90mstderr[2m | tests/unit/projects-homepage.test.ts
[22m[39mWarning: Missing environment variables for integration tests: POSTGRES_URL
Some tests may be skipped. Make sure .env.local is configured.
System.Management.Automation.RemoteException
 [32mΓ£ô[39m tests/unit/projects-homepage.test.ts [2m([22m[2m23 tests[22m[2m)[22m[32m 116[2mms[22m[39m
[90mstdout[2m | tests/sync-service.test.ts[2m > [22m[2mSync Service Unit Tests[2m > [22m[2mExponential Backoff & Retry[2m > [22m[2mwithRetry should retry on 500 server errors
[22m[39m[Sync] operation failed (attempt 2/4), retrying in 2149ms: Internal Server Error

[90mstdout[2m | tests/unit/fc-achievements.test.ts
[22m[39m[dotenv@17.2.3] injecting env (0) from .env.local -- tip: ≡ƒöÉ prevent committing .env to code: https://dotenvx.com/precommit

[90mstderr[2m | tests/unit/fc-achievements.test.ts
[22m[39mWarning: Missing environment variables for integration tests: POSTGRES_URL
Some tests may be skipped. Make sure .env.local is configured.
System.Management.Automation.RemoteException
[90mstdout[2m | tests/unit/three-d-comprehensive.test.ts
[22m[39m[dotenv@17.2.3] injecting env (0) from .env.local -- tip: ≡ƒæÑ sync secrets across teammates & machines: https://dotenvx.com/ops

[90mstderr[2m | tests/unit/three-d-comprehensive.test.ts
[22m[39mWarning: Missing environment variables for integration tests: POSTGRES_URL
Some tests may be skipped. Make sure .env.local is configured.
System.Management.Automation.RemoteException
 [32mΓ£ô[39m tests/unit/fc-achievements.test.ts [2m([22m[2m15 tests[22m[2m)[22m[32m 102[2mms[22m[39m
[90mstdout[2m | tests/unit/fc-territory.test.ts
[22m[39m[dotenv@17.2.3] injecting env (0) from .env.local -- tip: ≡ƒ¢á∩╕Å  run anywhere with `dotenvx run -- yourcommand`

[90mstderr[2m | tests/unit/fc-territory.test.ts
[22m[39mWarning: Missing environment variables for integration tests: POSTGRES_URL
Some tests may be skipped. Make sure .env.local is configured.
System.Management.Automation.RemoteException
 [32mΓ£ô[39m tests/unit/three-d-comprehensive.test.ts [2m([22m[2m148 tests[22m[2m)[22m[32m 63[2mms[22m[39m
 [32mΓ£ô[39m tests/unit/fc-territory.test.ts [2m([22m[2m11 tests[22m[2m)[22m[32m 72[2mms[22m[39m
[90mstdout[2m | tests/unit/quick-wins.test.ts
[22m[39m[dotenv@17.2.3] injecting env (0) from .env.local -- tip: ≡ƒùé∩╕Å backup and recover secrets: https://dotenvx.com/ops

[90mstderr[2m | tests/unit/quick-wins.test.ts
[22m[39mWarning: Missing environment variables for integration tests: POSTGRES_URL
Some tests may be skipped. Make sure .env.local is configured.
System.Management.Automation.RemoteException
 [32mΓ£ô[39m tests/unit/quick-wins.test.ts [2m([22m[2m17 tests[22m[2m)[22m[32m 64[2mms[22m[39m
[90mstdout[2m | tests/unit/session-tracker.test.ts
[22m[39m[dotenv@17.2.3] injecting env (0) from .env.local -- tip: ≡ƒ¢á∩╕Å  run anywhere with `dotenvx run -- yourcommand`

[90mstderr[2m | tests/unit/session-tracker.test.ts
[22m[39mWarning: Missing environment variables for integration tests: POSTGRES_URL
Some tests may be skipped. Make sure .env.local is configured.
System.Management.Automation.RemoteException
[90mstdout[2m | tests/unit/issue-nav-state.test.ts
[22m[39m[dotenv@17.2.3] injecting env (0) from .env.local -- tip: ≡ƒæÑ sync secrets across teammates & machines: https://dotenvx.com/ops

[90mstderr[2m | tests/unit/issue-nav-state.test.ts
[22m[39mWarning: Missing environment variables for integration tests: POSTGRES_URL
Some tests may be skipped. Make sure .env.local is configured.
System.Management.Automation.RemoteException
[90mstdout[2m | tests/unit/issue-nav-state.test.ts[2m > [22m[2mIssue Navigation State[2m > [22m[2msetIssueContext[2m > [22m[2mshould populate issues from nodes and edges
[22m[39m[PERF] computeIssues:mergeCandidate: 0.112ms

[90mstdout[2m | tests/unit/issue-nav-state.test.ts[2m > [22m[2mIssue Navigation State[2m > [22m[2msetIssueContext[2m > [22m[2mshould set currentIndex to -1 when no issues
[22m[39m[PERF] computeIssues:mergeCandidate: 0.012ms

 [32mΓ£ô[39m tests/unit/session-tracker.test.ts [2m([22m[2m15 tests[22m[2m)[22m[32m 58[2mms[22m[39m
[90mstdout[2m | tests/unit/issue-nav-state.test.ts[2m > [22m[2mIssue Navigation State[2m > [22m[2mnextIssue / prevIssue[2m > [22m[2mshould advance to next issue
[22m[39m[PERF] computeIssues:mergeCandidate: 0.015ms

[90mstdout[2m | tests/unit/issue-nav-state.test.ts[2m > [22m[2mIssue Navigation State[2m > [22m[2mnextIssue / prevIssue[2m > [22m[2mshould wrap around from last to first
[22m[39m[PERF] computeIssues:mergeCandidate: 0.014ms

[90mstdout[2m | tests/unit/issue-nav-state.test.ts[2m > [22m[2mIssue Navigation State[2m > [22m[2mnextIssue / prevIssue[2m > [22m[2mshould go backwards with prevIssue
[22m[39m[PERF] computeIssues:mergeCandidate: 0.023ms

[90mstdout[2m | tests/unit/issue-nav-state.test.ts[2m > [22m[2mIssue Navigation State[2m > [22m[2mnextIssue / prevIssue[2m > [22m[2mshould wrap prevIssue from first to last
[22m[39m[PERF] computeIssues:mergeCandidate: 0.023ms

[90mstdout[2m | tests/unit/issue-nav-state.test.ts[2m > [22m[2mIssue Navigation State[2m > [22m[2mnextIssue / prevIssue[2m > [22m[2mshould return null when no issues
[22m[39m[PERF] computeIssues:mergeCandidate: 0.01ms

[90mstdout[2m | tests/unit/issue-nav-state.test.ts[2m > [22m[2mIssue Navigation State[2m > [22m[2mnextIssue / prevIssue[2m > [22m[2mshould return the new current issue
[22m[39m[PERF] computeIssues:mergeCandidate: 0.013ms

[90mstdout[2m | tests/unit/issue-nav-state.test.ts[2m > [22m[2mIssue Navigation State[2m > [22m[2msetCurrentIndex[2m > [22m[2mshould set index to valid value
[22m[39m[PERF] computeIssues:mergeCandidate: 0.028ms

[90mstdout[2m | tests/unit/issue-nav-state.test.ts[2m > [22m[2mIssue Navigation State[2m > [22m[2msetCurrentIndex[2m > [22m[2mshould ignore out-of-bounds index
[22m[39m[PERF] computeIssues:mergeCandidate: 0.017ms

[90mstdout[2m | tests/unit/issue-nav-state.test.ts[2m > [22m[2mIssue Navigation State[2m > [22m[2msetCurrentIndex[2m > [22m[2mshould ignore negative index
[22m[39m[PERF] computeIssues:mergeCandidate: 0.015ms

[90mstdout[2m | tests/unit/issue-nav-state.test.ts[2m > [22m[2mIssue Navigation State[2m > [22m[2mrefreshIssues[2m > [22m[2mshould update issue list without resetting index
[22m[39m[PERF] computeIssues:mergeCandidate: 0.017ms
[PERF] computeIssues:mergeCandidate: 0.011ms

[90mstdout[2m | tests/unit/issue-nav-state.test.ts[2m > [22m[2mIssue Navigation State[2m > [22m[2mrefreshIssues[2m > [22m[2mshould clamp index if issues shrink
[22m[39m[PERF] computeIssues:mergeCandidate: 0.014ms
[PERF] computeIssues:mergeCandidate: 0.008ms

[90mstdout[2m | tests/unit/issue-nav-state.test.ts[2m > [22m[2mIssue Navigation State[2m > [22m[2mrefreshIssues[2m > [22m[2mshould set index to -1 if all issues resolved
[22m[39m[PERF] computeIssues:mergeCandidate: 0.014ms
[PERF] computeIssues:mergeCandidate: 0.009ms

[90mstdout[2m | tests/unit/issue-nav-state.test.ts[2m > [22m[2mIssue Navigation State[2m > [22m[2mclearNavState[2m > [22m[2mshould reset all state
[22m[39m[PERF] computeIssues:mergeCandidate: 0.014ms

[90mstdout[2m | tests/unit/issue-nav-state.test.ts[2m > [22m[2mIssue Navigation State[2m > [22m[2monNavStateChange[2m > [22m[2mshould notify listeners on state change
[22m[39m[PERF] computeIssues:mergeCandidate: 0.014ms

[90mstdout[2m | tests/unit/issue-nav-state.test.ts[2m > [22m[2mIssue Navigation State[2m > [22m[2monNavStateChange[2m > [22m[2mshould return unsubscribe function
[22m[39m[PERF] computeIssues:mergeCandidate: 0.013ms

[90mstdout[2m | tests/unit/issue-nav-state.test.ts[2m > [22m[2mIssue Navigation State[2m > [22m[2monNavStateChange[2m > [22m[2mshould notify on next/prev
[22m[39m[PERF] computeIssues:mergeCandidate: 0.014ms

[90mstdout[2m | tests/unit/issue-nav-state.test.ts[2m > [22m[2mIssue Navigation State[2m > [22m[2mgetNavState[2m > [22m[2mshould return current issue in state
[22m[39m[PERF] computeIssues:mergeCandidate: 0.013ms

 [32mΓ£ô[39m tests/unit/issue-nav-state.test.ts [2m([22m[2m20 tests[22m[2m)[22m[32m 41[2mms[22m[39m
[90mstdout[2m | tests/unit/fc-gestures.test.ts
[22m[39m[dotenv@17.2.3] injecting env (0) from .env.local -- tip: ≡ƒæÑ sync secrets across teammates & machines: https://dotenvx.com/ops

[90mstderr[2m | tests/unit/fc-gestures.test.ts
[22m[39mWarning: Missing environment variables for integration tests: POSTGRES_URL
Some tests may be skipped. Make sure .env.local is configured.
System.Management.Automation.RemoteException
 [32mΓ£ô[39m tests/unit/fc-gestures.test.ts [2m([22m[2m13 tests[22m[2m)[22m[32m 41[2mms[22m[39m
[90mstdout[2m | tests/unit/fc-xp.test.ts
[22m[39m[dotenv@17.2.3] injecting env (0) from .env.local -- tip: ≡ƒöÉ prevent building .env in docker: https://dotenvx.com/prebuild

[90mstderr[2m | tests/unit/fc-xp.test.ts
[22m[39mWarning: Missing environment variables for integration tests: POSTGRES_URL
Some tests may be skipped. Make sure .env.local is configured.
System.Management.Automation.RemoteException
 [32mΓ£ô[39m tests/unit/fc-xp.test.ts [2m([22m[2m21 tests[22m[2m)[22m[32m 41[2mms[22m[39m
[90mstdout[2m | tests/sync-service.test.ts[2m > [22m[2mSync Service Unit Tests[2m > [22m[2mExponential Backoff & Retry[2m > [22m[2mwithRetry should throw after exhausting retries
[22m[39m[Sync] operation failed (attempt 1/3), retrying in 838ms: Persistent failure

[90mstdout[2m | tests/security.test.ts
[22m[39m[dotenv@17.2.3] injecting env (0) from .env.local -- tip: ≡ƒöÉ encrypt with Dotenvx: https://dotenvx.com

[90mstderr[2m | tests/security.test.ts
[22m[39mWarning: Missing environment variables for integration tests: POSTGRES_URL
Some tests may be skipped. Make sure .env.local is configured.
System.Management.Automation.RemoteException
[90mstdout[2m | tests/state/app-state.test.ts
[22m[39m[dotenv@17.2.3] injecting env (0) from .env.local -- tip: ΓÜÖ∩╕Å  suppress all logs with { quiet: true }

[90mstderr[2m | tests/state/app-state.test.ts
[22m[39mWarning: Missing environment variables for integration tests: POSTGRES_URL
Some tests may be skipped. Make sure .env.local is configured.
System.Management.Automation.RemoteException
 [32mΓ£ô[39m tests/state/app-state.test.ts [2m([22m[2m15 tests[22m[2m)[22m[32m 29[2mms[22m[39m
[90mstdout[2m | tests/unit/device-perf.test.ts
[22m[39m[dotenv@17.2.3] injecting env (0) from .env.local -- tip: ΓÜÖ∩╕Å  enable debug logging with { debug: true }

[90mstderr[2m | tests/unit/device-perf.test.ts
[22m[39mWarning: Missing environment variables for integration tests: POSTGRES_URL
Some tests may be skipped. Make sure .env.local is configured.
System.Management.Automation.RemoteException
 [32mΓ£ô[39m tests/unit/device-perf.test.ts [2m([22m[2m12 tests[22m[2m)[22m[32m 28[2mms[22m[39m
[90mstdout[2m | tests/sync-service.test.ts[2m > [22m[2mSync Service Unit Tests[2m > [22m[2mExponential Backoff & Retry[2m > [22m[2mwithRetry should throw after exhausting retries
[22m[39m[Sync] operation failed (attempt 2/3), retrying in 1767ms: Persistent failure

[90mstdout[2m | tests/unit/three-d-view.test.ts
[22m[39m[dotenv@17.2.3] injecting env (0) from .env.local -- tip: ΓÜÖ∩╕Å  write to custom object with { processEnv: myObject }

[90mstderr[2m | tests/unit/three-d-view.test.ts
[22m[39mWarning: Missing environment variables for integration tests: POSTGRES_URL
Some tests may be skipped. Make sure .env.local is configured.
System.Management.Automation.RemoteException
 [32mΓ£ô[39m tests/unit/three-d-view.test.ts [2m([22m[2m133 tests[22m[2m)[22m[32m 21[2mms[22m[39m
[90mstdout[2m | tests/security.test.ts
[22m[39m[Auth] Initializing Better Auth with: {
  hasSecret: [33mfalse[39m,
  hasDbConnection: [33mfalse[39m,
  baseURL: [32m'http://localhost:3000'[39m,
  vercelUrl: [90mundefined[39m
}
[90mstderr[2m | tests/security.test.ts
[22m[39m[Auth] WARNING: Using default dev secret. Set BETTER_AUTH_SECRET for production.
System.Management.Automation.RemoteException

 [32mΓ£ô[39m tests/security.test.ts [2m([22m[2m35 tests[22m[2m)[22m[32m 26[2mms[22m[39m
[90mstdout[2m | tests/unit/project-canvas-state.test.ts
[22m[39m[dotenv@17.2.3] injecting env (0) from .env.local -- tip: ≡ƒôí add observability to secrets: https://dotenvx.com/ops

[90mstderr[2m | tests/unit/project-canvas-state.test.ts
[22m[39mWarning: Missing environment variables for integration tests: POSTGRES_URL
Some tests may be skipped. Make sure .env.local is configured.
System.Management.Automation.RemoteException
[90mstdout[2m | tests/unit/project-canvas-state.test.ts[2m > [22m[2mproject-canvas-state[2m > [22m[2mloadProjectSketches()[2m > [22m[2mfetches from correct URL
[22m[39m[PERF] loadProjectSketches:fetch: 0.146ms

[90mstdout[2m | tests/unit/project-canvas-state.test.ts[2m > [22m[2mproject-canvas-state[2m > [22m[2mloadProjectSketches()[2m > [22m[2mfetches from correct URL
[22m[39m[PERF] loadProjectSketches:parseJSON: 0.169ms
[PERF] loadProjectSketches: received 3 sketches
[PERF] loadProjectSketches:setActive: 0.113ms
[PERF] loadProjectSketches:notify: 0.004ms

[90mstdout[2m | tests/unit/project-canvas-state.test.ts[2m > [22m[2mproject-canvas-state[2m > [22m[2mloadProjectSketches()[2m > [22m[2mreturns sketches array
[22m[39m[PERF] loadProjectSketches:fetch: 0.034ms

[90mstdout[2m | tests/unit/project-canvas-state.test.ts[2m > [22m[2mproject-canvas-state[2m > [22m[2mloadProjectSketches()[2m > [22m[2mreturns sketches array
[22m[39m[PERF] loadProjectSketches:parseJSON: 0.126ms
[PERF] loadProjectSketches: received 3 sketches
[PERF] loadProjectSketches:setActive: 0.028ms
[PERF] loadProjectSketches:notify: 0.003ms

[90mstdout[2m | tests/unit/project-canvas-state.test.ts[2m > [22m[2mproject-canvas-state[2m > [22m[2mloadProjectSketches()[2m > [22m[2msets active sketch to first and enters project-canvas mode
[22m[39m[PERF] loadProjectSketches:fetch: 0.035ms

[90mstdout[2m | tests/unit/project-canvas-state.test.ts[2m > [22m[2mproject-canvas-state[2m > [22m[2mloadProjectSketches()[2m > [22m[2msets active sketch to first and enters project-canvas mode
[22m[39m[PERF] loadProjectSketches:parseJSON: 0.134ms
[PERF] loadProjectSketches: received 3 sketches
[PERF] loadProjectSketches:setActive: 0.041ms
[PERF] loadProjectSketches:notify: 0.002ms

[90mstdout[2m | tests/unit/project-canvas-state.test.ts[2m > [22m[2mproject-canvas-state[2m > [22m[2misProjectCanvasMode() + getCurrentProjectId()[2m > [22m[2mreturns true/projectId after loadProjectSketches
[22m[39m[PERF] loadProjectSketches:fetch: 2.172ms

[90mstdout[2m | tests/unit/project-canvas-state.test.ts[2m > [22m[2mproject-canvas-state[2m > [22m[2misProjectCanvasMode() + getCurrentProjectId()[2m > [22m[2mreturns true/projectId after loadProjectSketches
[22m[39m[PERF] loadProjectSketches:parseJSON: 0.116ms
[PERF] loadProjectSketches: received 3 sketches
[PERF] loadProjectSketches:setActive: 0.02ms
[PERF] loadProjectSketches:notify: 0.005ms

[90mstdout[2m | tests/unit/project-canvas-state.test.ts[2m > [22m[2mproject-canvas-state[2m > [22m[2mclearProjectCanvas()[2m > [22m[2mclears mode after load
[22m[39m[PERF] loadProjectSketches:fetch: 0.009ms

[90mstdout[2m | tests/unit/project-canvas-state.test.ts[2m > [22m[2mproject-canvas-state[2m > [22m[2mclearProjectCanvas()[2m > [22m[2mclears mode after load
[22m[39m[PERF] loadProjectSketches:parseJSON: 0.064ms
[PERF] loadProjectSketches: received 3 sketches
[PERF] loadProjectSketches:setActive: 0.013ms
[PERF] loadProjectSketches:notify: 0.001ms

[90mstdout[2m | tests/unit/project-canvas-state.test.ts[2m > [22m[2mproject-canvas-state[2m > [22m[2mclearProjectCanvas()[2m > [22m[2msnapshots active sketch before clearing
[22m[39m[PERF] loadProjectSketches:fetch: 0.011ms

[90mstdout[2m | tests/unit/project-canvas-state.test.ts[2m > [22m[2mproject-canvas-state[2m > [22m[2mclearProjectCanvas()[2m > [22m[2msnapshots active sketch before clearing
[22m[39m[PERF] loadProjectSketches:parseJSON: 0.061ms
[PERF] loadProjectSketches: received 3 sketches
[PERF] loadProjectSketches:setActive: 0.024ms
[PERF] loadProjectSketches:notify: 0.001ms

[90mstdout[2m | tests/unit/project-canvas-state.test.ts[2m > [22m[2mproject-canvas-state[2m > [22m[2mgetBackgroundSketches() + setSketchVisibility()[2m > [22m[2mexcludes active sketch from background
[22m[39m[PERF] loadProjectSketches:fetch: 0.015ms

[90mstdout[2m | tests/unit/project-canvas-state.test.ts[2m > [22m[2mproject-canvas-state[2m > [22m[2mgetBackgroundSketches() + setSketchVisibility()[2m > [22m[2mexcludes active sketch from background
[22m[39m[PERF] loadProjectSketches:parseJSON: 0.097ms
[PERF] loadProjectSketches: received 3 sketches
[PERF] loadProjectSketches:setActive: 0.027ms
[PERF] loadProjectSketches:notify: 0.002ms

[90mstdout[2m | tests/unit/project-canvas-state.test.ts[2m > [22m[2mproject-canvas-state[2m > [22m[2mgetBackgroundSketches() + setSketchVisibility()[2m > [22m[2mhiding a sketch removes it from background
[22m[39m[PERF] loadProjectSketches:fetch: 0.009ms

[90mstdout[2m | tests/unit/project-canvas-state.test.ts[2m > [22m[2mproject-canvas-state[2m > [22m[2mgetBackgroundSketches() + setSketchVisibility()[2m > [22m[2mhiding a sketch removes it from background
[22m[39m[PERF] loadProjectSketches:parseJSON: 0.071ms
[PERF] loadProjectSketches: received 3 sketches
[PERF] loadProjectSketches:setActive: 0.009ms
[PERF] loadProjectSketches:notify: 0.001ms

[90mstdout[2m | tests/unit/project-canvas-state.test.ts[2m > [22m[2mproject-canvas-state[2m > [22m[2mswitchActiveSketch()[2m > [22m[2mswitches active and calls __setActiveSketchData
[22m[39m[PERF] loadProjectSketches:fetch: 0.011ms

[90mstdout[2m | tests/unit/project-canvas-state.test.ts[2m > [22m[2mproject-canvas-state[2m > [22m[2mswitchActiveSketch()[2m > [22m[2mswitches active and calls __setActiveSketchData
[22m[39m[PERF] loadProjectSketches:parseJSON: 0.072ms
[PERF] loadProjectSketches: received 3 sketches
[PERF] loadProjectSketches:setActive: 0.006ms
[PERF] loadProjectSketches:notify: 0.001ms

[90mstdout[2m | tests/unit/project-canvas-state.test.ts[2m > [22m[2mproject-canvas-state[2m > [22m[2mswitchActiveSketch()[2m > [22m[2mno-op when switching to already active sketch
[22m[39m[PERF] loadProjectSketches:fetch: 0.006ms

[90mstdout[2m | tests/unit/project-canvas-state.test.ts[2m > [22m[2mproject-canvas-state[2m > [22m[2mswitchActiveSketch()[2m > [22m[2mno-op when switching to already active sketch
[22m[39m[PERF] loadProjectSketches:parseJSON: 0.062ms
[PERF] loadProjectSketches: received 3 sketches
[PERF] loadProjectSketches:setActive: 0.006ms
[PERF] loadProjectSketches:notify: 0.001ms

 [32mΓ£ô[39m tests/unit/project-canvas-state.test.ts [2m([22m[2m12 tests[22m[2m)[22m[32m 19[2mms[22m[39m
[90mstdout[2m | tests/edge-cases.test.ts
[22m[39m[dotenv@17.2.3] injecting env (0) from .env.local -- tip: ≡ƒöÉ encrypt with Dotenvx: https://dotenvx.com

[90mstderr[2m | tests/edge-cases.test.ts
[22m[39mWarning: Missing environment variables for integration tests: POSTGRES_URL
Some tests may be skipped. Make sure .env.local is configured.
System.Management.Automation.RemoteException
 [32mΓ£ô[39m tests/edge-cases.test.ts [2m([22m[2m50 tests[22m[2m)[22m[32m 24[2mms[22m[39m
[90mstdout[2m | tests/unit/nmea-parser.test.ts
[22m[39m[dotenv@17.2.3] injecting env (0) from .env.local -- tip: ΓÜÖ∩╕Å  override existing env vars with { override: true }

[90mstderr[2m | tests/unit/nmea-parser.test.ts
[22m[39mWarning: Missing environment variables for integration tests: POSTGRES_URL
Some tests may be skipped. Make sure .env.local is configured.
System.Management.Automation.RemoteException
[90mstderr[2m | tests/unit/nmea-parser.test.ts[2m > [22m[2mNMEAParser[2m > [22m[2mparseSentence[2m > [22m[2mshould reject RMC sentence with status V (warning)
[22m[39m[GNSS] NMEA checksum failed: $GPRMC,123519,V,4807.038,N,01131.000,E,022.4,084.4,230394,003.1,W*7B
System.Management.Automation.RemoteException
[90mstderr[2m | tests/unit/nmea-parser.test.ts[2m > [22m[2mNMEAParser[2m > [22m[2mparseSentence[2m > [22m[2mshould reject sentence with invalid checksum
[22m[39m[GNSS] NMEA checksum failed: $GPGGA,123519,4807.038,N,01131.000,E,1,08,0.9,545.4,M,47.0,M,,*00
System.Management.Automation.RemoteException
[90mstderr[2m | tests/unit/nmea-parser.test.ts[2m > [22m[2mNMEAParser[2m > [22m[2mparseSentence[2m > [22m[2mshould reject sentence without checksum by default
[22m[39m[GNSS] NMEA checksum failed: $GPGGA,123519,4807.038,N,01131.000,E,1,08,0.9,545.4,M,47.0,M,,
System.Management.Automation.RemoteException
 [32mΓ£ô[39m tests/unit/nmea-parser.test.ts [2m([22m[2m14 tests[22m[2m)[22m[32m 11[2mms[22m[39m
[90mstdout[2m | tests/sync-service.test.ts[2m > [22m[2mSync Service Unit Tests[2m > [22m[2mSync Health Monitoring[2m > [22m[2mshould track success rate after syncs
[22m[39m[Sync] Starting cloud sync...

[90mstdout[2m | tests/sync-service.test.ts[2m > [22m[2mSync Service Unit Tests[2m > [22m[2mSync Health Monitoring[2m > [22m[2mshould track success rate after syncs
[22m[39m[Sync] Fetched 0 sketches from cloud

[90mstdout[2m | tests/sync-service.test.ts[2m > [22m[2mSync Service Unit Tests[2m > [22m[2mSync Health Monitoring[2m > [22m[2mshould track success rate after syncs
[22m[39m[Sync] Updated legacy localStorage with 0 sketches

[90mstdout[2m | tests/sync-service.test.ts[2m > [22m[2mSync Service Unit Tests[2m > [22m[2mSync Health Monitoring[2m > [22m[2mshould track success rate after syncs
[22m[39m[Sync] Synced 0 sketches from cloud successfully

 [32mΓ£ô[39m tests/sync-service.test.ts [2m([22m[2m52 tests[22m[2m)[22m[33m 7693[2mms[22m[39m
       [33m[2mΓ£ô[22m[39m withRetry should retry on transient errors [33m 987[2mms[22m[39m
       [33m[2mΓ£ô[22m[39m withRetry should retry on 429 rate limit [33m 784[2mms[22m[39m
       [33m[2mΓ£ô[22m[39m withRetry should retry on 500 server errors [33m 3247[2mms[22m[39m
       [33m[2mΓ£ô[22m[39m withRetry should throw after exhausting retries [33m 2616[2mms[22m[39m
[90mstdout[2m | tests/unit/undo-redo.test.ts
[22m[39m[dotenv@17.2.3] injecting env (0) from .env.local -- tip: ΓÜÖ∩╕Å  load multiple .env files with { path: ['.env.local', '.env'] }

[90mstderr[2m | tests/unit/undo-redo.test.ts
[22m[39mWarning: Missing environment variables for integration tests: POSTGRES_URL
Some tests may be skipped. Make sure .env.local is configured.
System.Management.Automation.RemoteException
 [32mΓ£ô[39m tests/unit/undo-redo.test.ts [2m([22m[2m40 tests[22m[2m)[22m[32m 20[2mms[22m[39m
[90mstdout[2m | tests/unit/sketch-issues.test.ts
[22m[39m[dotenv@17.2.3] injecting env (0) from .env.local -- tip: ≡ƒæÑ sync secrets across teammates & machines: https://dotenvx.com/ops

[90mstderr[2m | tests/unit/sketch-issues.test.ts
[22m[39mWarning: Missing environment variables for integration tests: POSTGRES_URL
Some tests may be skipped. Make sure .env.local is configured.
System.Management.Automation.RemoteException
[90mstdout[2m | tests/unit/sketch-issues.test.ts[2m > [22m[2mcomputeSketchIssues[2m > [22m[2mnull/empty input[2m > [22m[2mshould handle empty arrays
[22m[39m[PERF] computeIssues:mergeCandidate: 0.09ms

[90mstdout[2m | tests/unit/sketch-issues.test.ts[2m > [22m[2mcomputeSketchIssues[2m > [22m[2mmissing_coords[2m > [22m[2mshould detect nodes without survey coordinates
[22m[39m[PERF] computeIssues:mergeCandidate: 0.033ms

[90mstdout[2m | tests/unit/sketch-issues.test.ts[2m > [22m[2mcomputeSketchIssues[2m > [22m[2mmissing_coords[2m > [22m[2mshould skip schematic nodes (accuracyLevel=1)
[22m[39m[PERF] computeIssues:mergeCandidate: 0.013ms

[90mstdout[2m | tests/unit/sketch-issues.test.ts[2m > [22m[2mcomputeSketchIssues[2m > [22m[2mmissing_coords[2m > [22m[2mshould skip Home nodes
[22m[39m[PERF] computeIssues:mergeCandidate: 0.01ms

[90mstdout[2m | tests/unit/sketch-issues.test.ts[2m > [22m[2mcomputeSketchIssues[2m > [22m[2mmissing_coords[2m > [22m[2mshould include worldX/worldY from node canvas position
[22m[39m[PERF] computeIssues:mergeCandidate: 0.026ms

[90mstdout[2m | tests/unit/sketch-issues.test.ts[2m > [22m[2mcomputeSketchIssues[2m > [22m[2mmissing_pipe_data[2m > [22m[2mshould detect missing tail measurement on functional nodes
[22m[39m[PERF] computeIssues:mergeCandidate: 0.064ms

[90mstdout[2m | tests/unit/sketch-issues.test.ts[2m > [22m[2mcomputeSketchIssues[2m > [22m[2mmissing_pipe_data[2m > [22m[2mshould detect missing head measurement on functional nodes
[22m[39m[PERF] computeIssues:mergeCandidate: 0.029ms

[90mstdout[2m | tests/unit/sketch-issues.test.ts[2m > [22m[2mcomputeSketchIssues[2m > [22m[2mmissing_pipe_data[2m > [22m[2mshould not flag non-functional nodes (maintenanceStatus !== 1)
[22m[39m[PERF] computeIssues:mergeCandidate: 0.026ms

[90mstdout[2m | tests/unit/sketch-issues.test.ts[2m > [22m[2mcomputeSketchIssues[2m > [22m[2mmissing_pipe_data[2m > [22m[2mshould accept measurement of 0 as valid
[22m[39m[PERF] computeIssues:mergeCandidate: 0.019ms

[90mstdout[2m | tests/unit/sketch-issues.test.ts[2m > [22m[2mcomputeSketchIssues[2m > [22m[2mlong_edge[2m > [22m[2mshould detect edges longer than 70m
[22m[39m[PERF] computeIssues:mergeCandidate: 0.02ms

[90mstdout[2m | tests/unit/sketch-issues.test.ts[2m > [22m[2mcomputeSketchIssues[2m > [22m[2mlong_edge[2m > [22m[2mshould not flag edges under 70m
[22m[39m[PERF] computeIssues:mergeCandidate: 0.014ms

[90mstdout[2m | tests/unit/sketch-issues.test.ts[2m > [22m[2mcomputeSketchIssues[2m > [22m[2mlong_edge[2m > [22m[2mshould skip edges where nodes lack survey coords
[22m[39m[PERF] computeIssues:mergeCandidate: 0.021ms

[90mstdout[2m | tests/unit/sketch-issues.test.ts[2m > [22m[2mcomputeSketchIssues[2m > [22m[2mlong_edge[2m > [22m[2mshould place issue at edge midpoint
[22m[39m[PERF] computeIssues:mergeCandidate: 0.017ms

[90mstdout[2m | tests/unit/sketch-issues.test.ts[2m > [22m[2mcomputeSketchIssues[2m > [22m[2mnot_last_manhole[2m > [22m[2mshould detect nodes with only inbound edges
[22m[39m[PERF] computeIssues:mergeCandidate: 0.015ms

[90mstdout[2m | tests/unit/sketch-issues.test.ts[2m > [22m[2mcomputeSketchIssues[2m > [22m[2mnot_last_manhole[2m > [22m[2mshould not flag Home nodes
[22m[39m[PERF] computeIssues:mergeCandidate: 0.01ms

[90mstdout[2m | tests/unit/sketch-issues.test.ts[2m > [22m[2mcomputeSketchIssues[2m > [22m[2mnot_last_manhole[2m > [22m[2mshould not flag nodes that are both tail and head
[22m[39m[PERF] computeIssues:mergeCandidate: 0.017ms

[90mstdout[2m | tests/unit/sketch-issues.test.ts[2m > [22m[2mcomputeSketchIssues[2m > [22m[2mmerge_candidate[2m > [22m[2mshould detect nearby stubs in different components
[22m[39m[PERF] computeIssues:mergeCandidate: 0.073ms

[90mstdout[2m | tests/unit/sketch-issues.test.ts[2m > [22m[2mcomputeSketchIssues[2m > [22m[2mmerge_candidate[2m > [22m[2mshould not merge stubs in the same component
[22m[39m[PERF] computeIssues:mergeCandidate: 0.011ms

[90mstdout[2m | tests/unit/sketch-issues.test.ts[2m > [22m[2mcomputeSketchIssues[2m > [22m[2mmerge_candidate[2m > [22m[2mshould not merge stubs farther than 40m apart
[22m[39m[PERF] computeIssues:mergeCandidate: 0.014ms

[90mstdout[2m | tests/unit/sketch-issues.test.ts[2m > [22m[2mcomputeSketchIssues[2m > [22m[2mnegative_gradient[2m > [22m[2mshould detect edges where head is deeper than tail
[22m[39m[PERF] computeIssues:mergeCandidate: 0.009ms

[90mstdout[2m | tests/unit/sketch-issues.test.ts[2m > [22m[2mcomputeSketchIssues[2m > [22m[2mnegative_gradient[2m > [22m[2mshould not flag normal downhill gradient
[22m[39m[PERF] computeIssues:mergeCandidate: 0.009ms

[90mstdout[2m | tests/unit/sketch-issues.test.ts[2m > [22m[2mcomputeSketchIssues[2m > [22m[2mnegative_gradient[2m > [22m[2mshould skip edges with non-numeric measurements
[22m[39m[PERF] computeIssues:mergeCandidate: 0.008ms

[90mstdout[2m | tests/unit/sketch-issues.test.ts[2m > [22m[2mcomputeSketchIssues[2m > [22m[2mnegative_gradient[2m > [22m[2mshould skip edges with zero or negative measurements
[22m[39m[PERF] computeIssues:mergeCandidate: 0.009ms

[90mstdout[2m | tests/unit/sketch-issues.test.ts[2m > [22m[2mcomputeSketchIssues[2m > [22m[2mstats[2m > [22m[2mshould compute totalKm from surveyed edges
[22m[39m[PERF] computeIssues:mergeCandidate: 0.01ms

[90mstdout[2m | tests/unit/sketch-issues.test.ts[2m > [22m[2mcomputeSketchIssues[2m > [22m[2mstats[2m > [22m[2mshould not count edges without survey coords in totalKm
[22m[39m[PERF] computeIssues:mergeCandidate: 0.009ms

[90mstdout[2m | tests/unit/sketch-issues.test.ts[2m > [22m[2mcomputeSketchIssues[2m > [22m[2mstats[2m > [22m[2mshould count missing coords issues
[22m[39m[PERF] computeIssues:mergeCandidate: 0.007ms

[90mstdout[2m | tests/unit/sketch-issues.test.ts[2m > [22m[2mcomputeSketchIssues[2m > [22m[2mstats[2m > [22m[2mshould count missing pipe data issues
[22m[39m[PERF] computeIssues:mergeCandidate: 0.017ms

[90mstdout[2m | tests/unit/sketch-issues.test.ts[2m > [22m[2mcomputeSketchIssues[2m > [22m[2missue sorting[2m > [22m[2mshould sort missing_coords before negative_gradient
[22m[39m[PERF] computeIssues:mergeCandidate: 0.01ms

 [32mΓ£ô[39m tests/unit/sketch-issues.test.ts [2m([22m[2m32 tests[22m[2m)[22m[32m 18[2mms[22m[39m
[90mstdout[2m | tests/unit/project-canvas-renderer.test.ts
[22m[39m[dotenv@17.2.3] injecting env (0) from .env.local -- tip: ≡ƒôí add observability to secrets: https://dotenvx.com/ops

[90mstderr[2m | tests/unit/project-canvas-renderer.test.ts
[22m[39mWarning: Missing environment variables for integration tests: POSTGRES_URL
Some tests may be skipped. Make sure .env.local is configured.
System.Management.Automation.RemoteException
[90mstdout[2m | tests/unit/project-canvas-renderer.test.ts[2m > [22m[2mproject-canvas-renderer[2m > [22m[2mdrawBackgroundSketches()[2m > [22m[2mskips sketches with no nodes and no edges
[22m[39m[PERF] draw:bgCache MISS (re-render offscreen): 0.376ms

[90mstdout[2m | tests/unit/project-canvas-renderer.test.ts[2m > [22m[2mproject-canvas-renderer[2m > [22m[2mdrawBackgroundSketches()[2m > [22m[2mdraws nodes for non-empty sketches
[22m[39m[PERF] draw:bgCache MISS (re-render offscreen): 0.379ms

[90mstdout[2m | tests/unit/project-canvas-renderer.test.ts[2m > [22m[2mproject-canvas-renderer[2m > [22m[2mdrawBackgroundSketches()[2m > [22m[2mdraws edges between connected nodes
[22m[39m[PERF] draw:bgCache MISS (re-render offscreen): 0.083ms

[90mstdout[2m | tests/unit/project-canvas-renderer.test.ts[2m > [22m[2mproject-canvas-renderer[2m > [22m[2mdrawBackgroundSketches()[2m > [22m[2mculls off-screen nodes
[22m[39m[PERF] draw:bgCache MISS (re-render offscreen): 0.096ms

[90mstdout[2m | tests/unit/project-canvas-renderer.test.ts[2m > [22m[2mproject-canvas-renderer[2m > [22m[2mdrawBackgroundSketches()[2m > [22m[2mculls off-screen edges
[22m[39m[PERF] draw:bgCache MISS (re-render offscreen): 0.139ms

[90mstdout[2m | tests/unit/project-canvas-renderer.test.ts[2m > [22m[2mproject-canvas-renderer[2m > [22m[2mdrawBackgroundSketches()[2m > [22m[2mcaches node Map across multiple frames (same sketch object)
[22m[39m[PERF] draw:bgCache MISS (re-render offscreen): 0.082ms

[90mstdout[2m | tests/unit/project-canvas-renderer.test.ts[2m > [22m[2mproject-canvas-renderer[2m > [22m[2mdrawBackgroundSketches()[2m > [22m[2minvalidates node Map cache when sketch size changes
[22m[39m[PERF] draw:bgCache MISS (re-render offscreen): 0.041ms
[PERF] draw:bgCache MISS (re-render offscreen): 0.035ms

[90mstdout[2m | tests/unit/project-canvas-renderer.test.ts[2m > [22m[2mproject-canvas-renderer[2m > [22m[2mdrawBackgroundSketches()[2m > [22m[2mdraws drainage nodes as rectangles
[22m[39m[PERF] draw:bgCache MISS (re-render offscreen): 0.047ms

[90mstdout[2m | tests/unit/project-canvas-renderer.test.ts[2m > [22m[2mproject-canvas-renderer[2m > [22m[2mdrawBackgroundSketches()[2m > [22m[2mdraws home nodes with house shape
[22m[39m[PERF] draw:bgCache MISS (re-render offscreen): 0.054ms

[90mstdout[2m | tests/unit/project-canvas-renderer.test.ts[2m > [22m[2mproject-canvas-renderer[2m > [22m[2mdrawBackgroundSketches()[2m > [22m[2msets globalAlpha to BG_ALPHA
[22m[39m[PERF] draw:bgCache MISS (re-render offscreen): 0.056ms

 [32mΓ£ô[39m tests/unit/project-canvas-renderer.test.ts [2m([22m[2m18 tests[22m[2m)[22m[32m 18[2mms[22m[39m
[90mstdout[2m | tests/unit/gnss-state.test.ts
[22m[39m[dotenv@17.2.3] injecting env (0) from .env.local -- tip: ≡ƒùé∩╕Å backup and recover secrets: https://dotenvx.com/ops

[90mstderr[2m | tests/unit/gnss-state.test.ts
[22m[39mWarning: Missing environment variables for integration tests: POSTGRES_URL
Some tests may be skipped. Make sure .env.local is configured.
System.Management.Automation.RemoteException
[90mstderr[2m | tests/unit/gnss-state.test.ts[2m > [22m[2mGNSSStateManager[2m > [22m[2mevent listeners[2m > [22m[2mshould handle listener errors gracefully
[22m[39m[GNSS] State listener error (connection): Listener error
System.Management.Automation.RemoteException
 [32mΓ£ô[39m tests/unit/gnss-state.test.ts [2m([22m[2m40 tests[22m[2m)[22m[32m 16[2mms[22m[39m
[90mstdout[2m | tests/unit/three-d-issues.test.ts
[22m[39m[dotenv@17.2.3] injecting env (0) from .env.local -- tip: ΓÜÖ∩╕Å  override existing env vars with { override: true }

[90mstderr[2m | tests/unit/three-d-issues.test.ts
[22m[39mWarning: Missing environment variables for integration tests: POSTGRES_URL
Some tests may be skipped. Make sure .env.local is configured.
System.Management.Automation.RemoteException
 [32mΓ£ô[39m tests/unit/three-d-issues.test.ts [2m([22m[2m5 tests[22m[2m)[22m[32m 16[2mms[22m[39m
[90mstdout[2m | tests/unit/app-store.test.ts
[22m[39m[dotenv@17.2.3] injecting env (0) from .env.local -- tip: ≡ƒöæ add access controls to secrets: https://dotenvx.com/ops

[90mstderr[2m | tests/unit/app-store.test.ts
[22m[39mWarning: Missing environment variables for integration tests: POSTGRES_URL
Some tests may be skipped. Make sure .env.local is configured.
System.Management.Automation.RemoteException
 [32mΓ£ô[39m tests/unit/app-store.test.ts [2m([22m[2m22 tests[22m[2m)[22m[32m 14[2mms[22m[39m
[90mstdout[2m | tests/unit/gnss-marker.test.ts
[22m[39m[dotenv@17.2.3] injecting env (0) from .env.local -- tip: Γ£à audit secrets and track compliance: https://dotenvx.com/ops

[90mstderr[2m | tests/unit/gnss-marker.test.ts
[22m[39mWarning: Missing environment variables for integration tests: POSTGRES_URL
Some tests may be skipped. Make sure .env.local is configured.
System.Management.Automation.RemoteException
 [32mΓ£ô[39m tests/unit/gnss-marker.test.ts [2m([22m[2m16 tests[22m[2m)[22m[32m 15[2mms[22m[39m
[90mstdout[2m | tests/unit/node-icons.test.ts
[22m[39m[dotenv@17.2.3] injecting env (0) from .env.local -- tip: ΓÜÖ∩╕Å  suppress all logs with { quiet: true }

[90mstderr[2m | tests/unit/node-icons.test.ts
[22m[39mWarning: Missing environment variables for integration tests: POSTGRES_URL
Some tests may be skipped. Make sure .env.local is configured.
System.Management.Automation.RemoteException
 [32mΓ£ô[39m tests/unit/node-icons.test.ts [2m([22m[2m19 tests[22m[2m)[22m[32m 14[2mms[22m[39m
[90mstdout[2m | tests/unit/label-collision.test.ts
[22m[39m[dotenv@17.2.3] injecting env (0) from .env.local -- tip: ΓÜÖ∩╕Å  write to custom object with { processEnv: myObject }

[90mstderr[2m | tests/unit/label-collision.test.ts
[22m[39mWarning: Missing environment variables for integration tests: POSTGRES_URL
Some tests may be skipped. Make sure .env.local is configured.
System.Management.Automation.RemoteException
 [32mΓ£ô[39m tests/unit/label-collision.test.ts [2m([22m[2m21 tests[22m[2m)[22m[32m 14[2mms[22m[39m
[vitest-pool]: Timeout terminating forks worker for test files C:/Users/developer/Documents/manholes-mapper/frontend/tests/unit/fc-shell.test.ts.
[vitest-pool]: Timeout terminating forks worker for test files C:/Users/developer/Documents/manholes-mapper/frontend/tests/unit/fc-panels.test.ts.
[vitest-pool]: Timeout terminating forks worker for test files C:/Users/developer/Documents/manholes-mapper/frontend/tests/unit/admin-organizations.test.ts.
[90mstdout[2m | tests/unit/render-perf.test.ts
[22m[39m[dotenv@17.2.3] injecting env (0) from .env.local -- tip: ΓÜÖ∩╕Å  write to custom object with { processEnv: myObject }

[90mstderr[2m | tests/unit/render-perf.test.ts
[22m[39mWarning: Missing environment variables for integration tests: POSTGRES_URL
Some tests may be skipped. Make sure .env.local is configured.
System.Management.Automation.RemoteException
 [32mΓ£ô[39m tests/unit/render-perf.test.ts [2m([22m[2m8 tests[22m[2m)[22m[32m 13[2mms[22m[39m
[90mstdout[2m | tests/unit/validators-extended.test.ts
[22m[39m[dotenv@17.2.3] injecting env (0) from .env.local -- tip: ≡ƒöä add secrets lifecycle management: https://dotenvx.com/ops

[90mstderr[2m | tests/unit/validators-extended.test.ts
[22m[39mWarning: Missing environment variables for integration tests: POSTGRES_URL
Some tests may be skipped. Make sure .env.local is configured.
System.Management.Automation.RemoteException
 [32mΓ£ô[39m tests/unit/validators-extended.test.ts [2m([22m[2m40 tests[22m[2m)[22m[32m 16[2mms[22m[39m
[90mstdout[2m | tests/coordinates.test.ts
[22m[39m[dotenv@17.2.3] injecting env (0) from .env.local -- tip: ≡ƒôí add observability to secrets: https://dotenvx.com/ops

[90mstderr[2m | tests/coordinates.test.ts
[22m[39mWarning: Missing environment variables for integration tests: POSTGRES_URL
Some tests may be skipped. Make sure .env.local is configured.
System.Management.Automation.RemoteException
[90mstdout[2m | tests/coordinates.test.ts[2m > [22m[2mCoordinates Module[2m > [22m[2mapproximateUncoordinatedNodePositions[2m > [22m[2mshould position uncoordinated nodes using distance ratio and angle
[22m[39m[Coordinates] Approximating positions for 1 nodes without coordinates
[Coordinates] Scale factor for uncoordinated nodes: 1.000 (from 0 edges)
[Coordinates] Positioned node 2: angle=0.0┬░, dist=100.0px from node 1

[90mstdout[2m | tests/coordinates.test.ts[2m > [22m[2mCoordinates Module[2m > [22m[2mapproximateUncoordinatedNodePositions[2m > [22m[2mshould not lock uncoordinated nodes
[22m[39m[Coordinates] Approximating positions for 1 nodes without coordinates
[Coordinates] Scale factor for uncoordinated nodes: 1.000 (from 0 edges)
[Coordinates] Positioned node 2: angle=0.0┬░, dist=100.0px from node 1

[90mstdout[2m | tests/coordinates.test.ts[2m > [22m[2mCoordinates Module[2m > [22m[2mapproximateUncoordinatedNodePositions[2m > [22m[2mshould position isolated uncoordinated nodes at centroid
[22m[39m[Coordinates] Approximating positions for 1 nodes without coordinates
[Coordinates] Scale factor for uncoordinated nodes: 1.000 (from 1 edges)

[90mstdout[2m | tests/coordinates.test.ts[2m > [22m[2mCoordinates Module[2m > [22m[2mapproximateUncoordinatedNodePositions[2m > [22m[2mshould preserve angle from original sketch
[22m[39m[Coordinates] Approximating positions for 1 nodes without coordinates
[Coordinates] Scale factor for uncoordinated nodes: 1.000 (from 0 edges)
[Coordinates] Positioned node 2: angle=-90.0┬░, dist=100.0px from node 1

 [32mΓ£ô[39m tests/coordinates.test.ts [2m([22m[2m24 tests[22m[2m)[22m[32m 12[2mms[22m[39m
[90mstdout[2m | tests/map-coordinates.test.ts
[22m[39m[dotenv@17.2.3] injecting env (0) from .env.local -- tip: ≡ƒôí add observability to secrets: https://dotenvx.com/ops

[90mstderr[2m | tests/map-coordinates.test.ts
[22m[39mWarning: Missing environment variables for integration tests: POSTGRES_URL
Some tests may be skipped. Make sure .env.local is configured.
System.Management.Automation.RemoteException
 [32mΓ£ô[39m tests/map-coordinates.test.ts [2m([22m[2m22 tests[22m[2m)[22m[32m 13[2mms[22m[39m
[90mstdout[2m | tests/unit/three-d-materials.test.ts
[22m[39m[dotenv@17.2.3] injecting env (0) from .env.local -- tip: ≡ƒöä add secrets lifecycle management: https://dotenvx.com/ops

[90mstderr[2m | tests/unit/three-d-materials.test.ts
[22m[39mWarning: Missing environment variables for integration tests: POSTGRES_URL
Some tests may be skipped. Make sure .env.local is configured.
System.Management.Automation.RemoteException
 [32mΓ£ô[39m tests/unit/three-d-materials.test.ts [2m([22m[2m21 tests[22m[2m)[22m[32m 12[2mms[22m[39m
[90mstdout[2m | tests/unit/permissions.test.ts
[22m[39m[dotenv@17.2.3] injecting env (0) from .env.local -- tip: ΓÜÖ∩╕Å  enable debug logging with { debug: true }

[90mstderr[2m | tests/unit/permissions.test.ts
[22m[39mWarning: Missing environment variables for integration tests: POSTGRES_URL
Some tests may be skipped. Make sure .env.local is configured.
System.Management.Automation.RemoteException
[90mstderr[2m | tests/unit/permissions.test.ts[2m > [22m[2mPermissions Module[2m > [22m[2mfetchUserRole()[2m > [22m[2mshould return null on API error
[22m[39m[Auth] Failed to fetch user role: [33m500[39m
System.Management.Automation.RemoteException
[90mstderr[2m | tests/unit/permissions.test.ts[2m > [22m[2mPermissions Module[2m > [22m[2mfetchUserRole()[2m > [22m[2mshould return null on network error
[22m[39m[Auth] Error fetching user role: Network error
System.Management.Automation.RemoteException
 [32mΓ£ô[39m tests/unit/permissions.test.ts [2m([22m[2m21 tests[22m[2m)[22m[32m 12[2mms[22m[39m
[90mstdout[2m | tests/unit/event-bus.test.ts
[22m[39m[dotenv@17.2.3] injecting env (0) from .env.local -- tip: Γ£à audit secrets and track compliance: https://dotenvx.com/ops

[90mstderr[2m | tests/unit/event-bus.test.ts
[22m[39mWarning: Missing environment variables for integration tests: POSTGRES_URL
Some tests may be skipped. Make sure .env.local is configured.
System.Management.Automation.RemoteException
 [32mΓ£ô[39m tests/unit/event-bus.test.ts [2m([22m[2m14 tests[22m[2m)[22m[32m 11[2mms[22m[39m
[90mstdout[2m | tests/unit/tsc3-parser.test.ts
[22m[39m[dotenv@17.2.3] injecting env (0) from .env.local -- tip: ΓÜÖ∩╕Å  specify custom .env file path with { path: '/custom/path/.env' }

[90mstderr[2m | tests/unit/tsc3-parser.test.ts
[22m[39mWarning: Missing environment variables for integration tests: POSTGRES_URL
Some tests may be skipped. Make sure .env.local is configured.
System.Management.Automation.RemoteException
 [32mΓ£ô[39m tests/unit/tsc3-parser.test.ts [2m([22m[2m31 tests[22m[2m)[22m[32m 10[2mms[22m[39m
[90mstdout[2m | tests/state/event-bus.test.ts
[22m[39m[dotenv@17.2.3] injecting env (0) from .env.local -- tip: ΓÜÖ∩╕Å  load multiple .env files with { path: ['.env.local', '.env'] }

[90mstderr[2m | tests/state/event-bus.test.ts
[22m[39mWarning: Missing environment variables for integration tests: POSTGRES_URL
Some tests may be skipped. Make sure .env.local is configured.
System.Management.Automation.RemoteException
 [32mΓ£ô[39m tests/state/event-bus.test.ts [2m([22m[2m14 tests[22m[2m)[22m[32m 11[2mms[22m[39m
[90mstdout[2m | tests/unit/completion-engine.test.ts
[22m[39m[dotenv@17.2.3] injecting env (0) from .env.local -- tip: ≡ƒöæ add access controls to secrets: https://dotenvx.com/ops

[90mstderr[2m | tests/unit/completion-engine.test.ts
[22m[39mWarning: Missing environment variables for integration tests: POSTGRES_URL
Some tests may be skipped. Make sure .env.local is configured.
System.Management.Automation.RemoteException
 [32mΓ£ô[39m tests/unit/completion-engine.test.ts [2m([22m[2m29 tests[22m[2m)[22m[32m 12[2mms[22m[39m
[90mstdout[2m | tests/unit/render-cache.test.ts
[22m[39m[dotenv@17.2.3] injecting env (0) from .env.local -- tip: ΓÜÖ∩╕Å  load multiple .env files with { path: ['.env.local', '.env'] }

[90mstderr[2m | tests/unit/render-cache.test.ts
[22m[39mWarning: Missing environment variables for integration tests: POSTGRES_URL
Some tests may be skipped. Make sure .env.local is configured.
System.Management.Automation.RemoteException
[90mstdout[2m | tests/unit/field-history.test.ts
[22m[39m[dotenv@17.2.3] injecting env (0) from .env.local -- tip: ≡ƒæÑ sync secrets across teammates & machines: https://dotenvx.com/ops

[90mstderr[2m | tests/unit/field-history.test.ts
[22m[39mWarning: Missing environment variables for integration tests: POSTGRES_URL
Some tests may be skipped. Make sure .env.local is configured.
System.Management.Automation.RemoteException
Not implemented: HTMLCanvasElement's getContext() method: without installing the canvas npm package
Not implemented: HTMLCanvasElement's getContext() method: without installing the canvas npm package
Not implemented: HTMLCanvasElement's getContext() method: without installing the canvas npm package
Not implemented: HTMLCanvasElement's getContext() method: without installing the canvas npm package
Not implemented: HTMLCanvasElement's getContext() method: without installing the canvas npm package
Not implemented: HTMLCanvasElement's getContext() method: without installing the canvas npm package
Not implemented: HTMLCanvasElement's getContext() method: without installing the canvas npm package
 [32mΓ£ô[39m tests/unit/render-cache.test.ts [2m([22m[2m10 tests[22m[2m)[22m[32m 11[2mms[22m[39m
[90mstderr[2m | tests/unit/field-history.test.ts[2m > [22m[2mloadFieldHistory[2m > [22m[2mshould return default on invalid JSON
[22m[39m[App] Failed to load field history Expected property name or '}' in JSON at position 1 (line 1 column 2)
System.Management.Automation.RemoteException
 [32mΓ£ô[39m tests/unit/field-history.test.ts [2m([22m[2m22 tests[22m[2m)[22m[32m 11[2mms[22m[39m
[90mstdout[2m | tests/unit/rate-limit.test.ts
[22m[39m[dotenv@17.2.3] injecting env (0) from .env.local -- tip: ≡ƒôí add observability to secrets: https://dotenvx.com/ops

[90mstderr[2m | tests/unit/rate-limit.test.ts
[22m[39mWarning: Missing environment variables for integration tests: POSTGRES_URL
Some tests may be skipped. Make sure .env.local is configured.
System.Management.Automation.RemoteException
 [32mΓ£ô[39m tests/unit/rate-limit.test.ts [2m([22m[2m15 tests[22m[2m)[22m[32m 11[2mms[22m[39m
[90mstdout[2m | tests/map-layer-integration.test.ts
[22m[39m[dotenv@17.2.3] injecting env (0) from .env.local -- tip: ≡ƒöÉ encrypt with Dotenvx: https://dotenvx.com

[90mstderr[2m | tests/map-layer-integration.test.ts
[22m[39mWarning: Missing environment variables for integration tests: POSTGRES_URL
Some tests may be skipped. Make sure .env.local is configured.
System.Management.Automation.RemoteException
[90mstdout[2m | tests/map-layer-integration.test.ts[2m > [22m[2mMap Layer Integration[2m > [22m[2mEnd-to-End Coordinate Flow[2m > [22m[2mshould maintain accuracy across different regions of Israel
[22m[39mMetula (North): Error 0.000m
Haifa: Error 0.000m
Tel Aviv: Error 0.000m
Jerusalem: Error 0.000m
Be'er Sheva: Error 0.000m
Eilat (South): Error 0.000m

 [32mΓ£ô[39m tests/map-layer-integration.test.ts [2m([22m[2m7 tests[22m[2m)[22m[32m 11[2mms[22m[39m
[90mstdout[2m | tests/map-tile-visibility.test.ts
[22m[39m[dotenv@17.2.3] injecting env (0) from .env.local -- tip: ΓÜÖ∩╕Å  write to custom object with { processEnv: myObject }

[90mstderr[2m | tests/map-tile-visibility.test.ts
[22m[39mWarning: Missing environment variables for integration tests: POSTGRES_URL
Some tests may be skipped. Make sure .env.local is configured.
System.Management.Automation.RemoteException
 [32mΓ£ô[39m tests/map-tile-visibility.test.ts [2m([22m[2m9 tests[22m[2m)[22m[32m 10[2mms[22m[39m
[90mstdout[2m | tests/unit/auth.test.ts
[22m[39m[dotenv@17.2.3] injecting env (0) from .env.local -- tip: ΓÜÖ∩╕Å  specify custom .env file path with { path: '/custom/path/.env' }

[90mstderr[2m | tests/unit/auth.test.ts
[22m[39mWarning: Missing environment variables for integration tests: POSTGRES_URL
Some tests may be skipped. Make sure .env.local is configured.
System.Management.Automation.RemoteException
[90mstdout[2m | tests/unit/i18n.test.ts
[22m[39m[dotenv@17.2.3] injecting env (0) from .env.local -- tip: ΓÜÖ∩╕Å  suppress all logs with { quiet: true }

[90mstderr[2m | tests/unit/i18n.test.ts
[22m[39mWarning: Missing environment variables for integration tests: POSTGRES_URL
Some tests may be skipped. Make sure .env.local is configured.
System.Management.Automation.RemoteException
 [32mΓ£ô[39m tests/unit/i18n.test.ts [2m([22m[2m40 tests[22m[2m)[22m[32m 10[2mms[22m[39m
[90mstdout[2m | tests/unit/auth-helpers.test.ts
[22m[39m[dotenv@17.2.3] injecting env (0) from .env.local -- tip: ΓÜÖ∩╕Å  specify custom .env file path with { path: '/custom/path/.env' }

[90mstderr[2m | tests/unit/auth-helpers.test.ts
[22m[39mWarning: Missing environment variables for integration tests: POSTGRES_URL
Some tests may be skipped. Make sure .env.local is configured.
System.Management.Automation.RemoteException
[90mstdout[2m | tests/unit/finish-workday.test.ts
[22m[39m[dotenv@17.2.3] injecting env (0) from .env.local -- tip: ΓÜÖ∩╕Å  suppress all logs with { quiet: true }

[90mstderr[2m | tests/unit/finish-workday.test.ts
[22m[39mWarning: Missing environment variables for integration tests: POSTGRES_URL
Some tests may be skipped. Make sure .env.local is configured.
System.Management.Automation.RemoteException
[90mstdout[2m | tests/unit/auth.test.ts
[22m[39m[Auth] Initializing Better Auth with: {
  hasSecret: [33mfalse[39m,
  hasDbConnection: [33mfalse[39m,
  baseURL: [32m'http://localhost:3000'[39m,
  vercelUrl: [90mundefined[39m
}

[90mstderr[2m | tests/unit/auth.test.ts
[22m[39m[Auth] WARNING: Using default dev secret. Set BETTER_AUTH_SECRET for production.
System.Management.Automation.RemoteException
 [32mΓ£ô[39m tests/unit/auth.test.ts [2m([22m[2m10 tests[22m[2m)[22m[32m 10[2mms[22m[39m
[vitest-pool]: Failed to terminate forks worker for test files C:/Users/developer/Documents/manholes-mapper/frontend/tests/unit/spatial-grid.test.ts. Error: The child process was torn down or never initialized. This is a bug in Vitest.
    at ForksPoolWorker.get fork [as fork] (file:///C:/Users/developer/Documents/manholes-mapper/node_modules/vitest/dist/chunks/cli-api.Cx2DW4Bc.js:7714:26)
    at ForksPoolWorker.off (file:///C:/Users/developer/Documents/manholes-mapper/node_modules/vitest/dist/chunks/cli-api.Cx2DW4Bc.js:7663:8)
    at PoolRunner.stop (file:///C:/Users/developer/Documents/manholes-mapper/node_modules/vitest/dist/chunks/cli-api.Cx2DW4Bc.js:7544:16)
    at Pool.schedule (file:///C:/Users/developer/Documents/manholes-mapper/node_modules/vitest/dist/chunks/cli-api.Cx2DW4Bc.js:8065:35)
    at processTicksAndRejections (node:internal/process/task_queues:104:5)
[vitest-pool]: Failed to terminate forks worker for test files C:/Users/developer/Documents/manholes-mapper/frontend/tests/unit/three-d-camera-framing.test.ts. Error: The child process was torn down or never initialized. This is a bug in Vitest.
    at ForksPoolWorker.get fork [as fork] (file:///C:/Users/developer/Documents/manholes-mapper/node_modules/vitest/dist/chunks/cli-api.Cx2DW4Bc.js:7714:26)
    at ForksPoolWorker.off (file:///C:/Users/developer/Documents/manholes-mapper/node_modules/vitest/dist/chunks/cli-api.Cx2DW4Bc.js:7663:8)
    at PoolRunner.stop (file:///C:/Users/developer/Documents/manholes-mapper/node_modules/vitest/dist/chunks/cli-api.Cx2DW4Bc.js:7544:16)
    at Pool.schedule (file:///C:/Users/developer/Documents/manholes-mapper/node_modules/vitest/dist/chunks/cli-api.Cx2DW4Bc.js:8065:35)
    at processTicksAndRejections (node:internal/process/task_queues:104:5)
[vitest-pool]: Failed to terminate forks worker for test files C:/Users/developer/Documents/manholes-mapper/frontend/tests/unit/three-d-view-module.test.ts. Error: The child process was torn down or never initialized. This is a bug in Vitest.
    at ForksPoolWorker.get fork [as fork] (file:///C:/Users/developer/Documents/manholes-mapper/node_modules/vitest/dist/chunks/cli-api.Cx2DW4Bc.js:7714:26)
    at ForksPoolWorker.off (file:///C:/Users/developer/Documents/manholes-mapper/node_modules/vitest/dist/chunks/cli-api.Cx2DW4Bc.js:7663:8)
    at PoolRunner.stop (file:///C:/Users/developer/Documents/manholes-mapper/node_modules/vitest/dist/chunks/cli-api.Cx2DW4Bc.js:7544:16)
    at Pool.schedule (file:///C:/Users/developer/Documents/manholes-mapper/node_modules/vitest/dist/chunks/cli-api.Cx2DW4Bc.js:8065:35)
    at processTicksAndRejections (node:internal/process/task_queues:104:5)
[vitest-pool]: Failed to terminate forks worker for test files C:/Users/developer/Documents/manholes-mapper/frontend/tests/unit/progressive-renderer.test.ts. Error: The child process was torn down or never initialized. This is a bug in Vitest.
    at ForksPoolWorker.get fork [as fork] (file:///C:/Users/developer/Documents/manholes-mapper/node_modules/vitest/dist/chunks/cli-api.Cx2DW4Bc.js:7714:26)
    at ForksPoolWorker.off (file:///C:/Users/developer/Documents/manholes-mapper/node_modules/vitest/dist/chunks/cli-api.Cx2DW4Bc.js:7663:8)
    at PoolRunner.stop (file:///C:/Users/developer/Documents/manholes-mapper/node_modules/vitest/dist/chunks/cli-api.Cx2DW4Bc.js:7544:16)
    at Pool.schedule (file:///C:/Users/developer/Documents/manholes-mapper/node_modules/vitest/dist/chunks/cli-api.Cx2DW4Bc.js:8065:35)
    at processTicksAndRejections (node:internal/process/task_queues:104:5)
[vitest-pool]: Failed to terminate forks worker for test files C:/Users/developer/Documents/manholes-mapper/frontend/tests/unit/admin-statistics.test.ts. Error: The child process was torn down or never initialized. This is a bug in Vitest.
    at ForksPoolWorker.get fork [as fork] (file:///C:/Users/developer/Documents/manholes-mapper/node_modules/vitest/dist/chunks/cli-api.Cx2DW4Bc.js:7714:26)
    at ForksPoolWorker.off (file:///C:/Users/developer/Documents/manholes-mapper/node_modules/vitest/dist/chunks/cli-api.Cx2DW4Bc.js:7663:8)
    at PoolRunner.stop (file:///C:/Users/developer/Documents/manholes-mapper/node_modules/vitest/dist/chunks/cli-api.Cx2DW4Bc.js:7544:16)
    at Pool.schedule (file:///C:/Users/developer/Documents/manholes-mapper/node_modules/vitest/dist/chunks/cli-api.Cx2DW4Bc.js:8065:35)
    at processTicksAndRejections (node:internal/process/task_queues:104:5)
 [32mΓ£ô[39m tests/unit/finish-workday.test.ts [2m([22m[2m10 tests[22m[2m)[22m[32m 8[2mms[22m[39m
[90mstdout[2m | tests/unit/shared-state-bridge.test.ts
[22m[39m[dotenv@17.2.3] injecting env (0) from .env.local -- tip: ≡ƒöæ add access controls to secrets: https://dotenvx.com/ops

[90mstderr[2m | tests/unit/shared-state-bridge.test.ts
[22m[39mWarning: Missing environment variables for integration tests: POSTGRES_URL
Some tests may be skipped. Make sure .env.local is configured.
System.Management.Automation.RemoteException
 [32mΓ£ô[39m tests/unit/shared-state-bridge.test.ts [2m([22m[2m5 tests[22m[2m)[22m[32m 6[2mms[22m[39m
[90mstdout[2m | tests/unit/auth-helpers.test.ts
[22m[39m[Auth] Initializing Better Auth with: {
  hasSecret: [33mfalse[39m,
  hasDbConnection: [33mfalse[39m,
  baseURL: [32m'http://localhost:3000'[39m,
  vercelUrl: [90mundefined[39m
}

[90mstderr[2m | tests/unit/auth-helpers.test.ts
[22m[39m[Auth] WARNING: Using default dev secret. Set BETTER_AUTH_SECRET for production.
System.Management.Automation.RemoteException
[90mstdout[2m | tests/unit/three-d-scene.test.ts
[22m[39m[dotenv@17.2.3] injecting env (0) from .env.local -- tip: ΓÜÖ∩╕Å  specify custom .env file path with { path: '/custom/path/.env' }

[90mstderr[2m | tests/unit/three-d-scene.test.ts
[22m[39mWarning: Missing environment variables for integration tests: POSTGRES_URL
Some tests may be skipped. Make sure .env.local is configured.
System.Management.Automation.RemoteException
 [32mΓ£ô[39m tests/unit/auth-helpers.test.ts [2m([22m[2m11 tests[22m[2m)[22m[32m 10[2mms[22m[39m
 [32mΓ£ô[39m tests/unit/three-d-scene.test.ts [2m([22m[2m16 tests[22m[2m)[22m[32m 6[2mms[22m[39m
[31mΓÄ»ΓÄ»ΓÄ»ΓÄ»ΓÄ»ΓÄ»[39m[1m[41m Unhandled Errors [49m[22m[31mΓÄ»ΓÄ»ΓÄ»ΓÄ»ΓÄ»ΓÄ»[39m
[31m[1m
Vitest caught 9 unhandled errors during the test run.
This might cause false positive tests. Resolve unhandled errors to make sure your tests are not affected.[22m[39m
System.Management.Automation.RemoteException
[31mΓÄ»ΓÄ»ΓÄ»ΓÄ»ΓÄ»ΓÄ»[39m[1m[41m Unhandled Error [49m[22m[31mΓÄ»ΓÄ»ΓÄ»ΓÄ»ΓÄ»ΓÄ»ΓÄ»[39m
[31m[1mError[22m: [vitest-pool]: Worker forks emitted error.[39m
[90m [2mΓ¥»[22m EventEmitter.<anonymous> ../node_modules/vitest/dist/chunks/cli-api.Cx2DW4Bc.js:[2m8043:22[22m[39m
[90m [2mΓ¥»[22m EventEmitter.emit node:events:[2m508:28[22m[39m
[90m [2mΓ¥»[22m ChildProcess.emitUnexpectedExit ../node_modules/vitest/dist/chunks/cli-api.Cx2DW4Bc.js:[2m7610:22[22m[39m
[90m [2mΓ¥»[22m ChildProcess.emit node:events:[2m508:28[22m[39m
[90m [2mΓ¥»[22m Process.ChildProcess._handle.onexit node:internal/child_process:[2m294:12[22m[39m
System.Management.Automation.RemoteException
[31m[1mCaused by: Error[22m: Worker exited unexpectedly[39m
[90m [2mΓ¥»[22m ChildProcess.emitUnexpectedExit ../node_modules/vitest/dist/chunks/cli-api.Cx2DW4Bc.js:[2m7609:33[22m[39m
[90m [2mΓ¥»[22m ChildProcess.emit node:events:[2m508:28[22m[39m
[90m [2mΓ¥»[22m Process.ChildProcess._handle.onexit node:internal/child_process:[2m294:12[22m[39m
System.Management.Automation.RemoteException
System.Management.Automation.RemoteException
[31mΓÄ»ΓÄ»ΓÄ»ΓÄ»ΓÄ»ΓÄ»[39m[1m[41m Unhandled Error [49m[22m[31mΓÄ»ΓÄ»ΓÄ»ΓÄ»ΓÄ»ΓÄ»ΓÄ»[39m
[31m[1mError[22m: [vitest-pool]: Failed to start forks worker for test files C:/Users/developer/Documents/manholes-mapper/frontend/tests/unit/fc-shell.test.ts.[39m
[90m [2mΓ¥»[22m ../node_modules/vitest/dist/chunks/cli-api.Cx2DW4Bc.js:[2m8046:94[22m[39m
[90m [2mΓ¥»[22m processTicksAndRejections node:internal/process/task_queues:[2m104:5[22m[39m
[90m [2mΓ¥»[22m Pool.schedule ../node_modules/vitest/dist/chunks/cli-api.Cx2DW4Bc.js:[2m8046:5[22m[39m
System.Management.Automation.RemoteException
[31m[1mCaused by: Error[22m: spawn UNKNOWN[39m
[90m [2mΓ¥»[22m ChildProcess.spawn node:internal/child_process:[2m421:11[22m[39m
[90m [2mΓ¥»[22m spawn node:child_process:[2m796:9[22m[39m
[90m [2mΓ¥»[22m fork node:child_process:[2m174:10[22m[39m
[90m [2mΓ¥»[22m ForksPoolWorker.start ../node_modules/vitest/dist/chunks/cli-api.Cx2DW4Bc.js:[2m7669:18[22m[39m
[90m [2mΓ¥»[22m ../node_modules/vitest/dist/chunks/cli-api.Cx2DW4Bc.js:[2m7485:119[22m[39m
[90m [2mΓ¥»[22m Traces.$ ../node_modules/vitest/dist/chunks/traces.CCmnQaNT.js:[2m142:27[22m[39m
[90m [2mΓ¥»[22m PoolRunner.start ../node_modules/vitest/dist/chunks/cli-api.Cx2DW4Bc.js:[2m7485:23[22m[39m
[90m [2mΓ¥»[22m Pool.schedule ../node_modules/vitest/dist/chunks/cli-api.Cx2DW4Bc.js:[2m8046:18[22m[39m
[90m [2mΓ¥»[22m Pool.schedule ../node_modules/vitest/dist/chunks/cli-api.Cx2DW4Bc.js:[2m8073:15[22m[39m
[90m [2mΓ¥»[22m processTicksAndRejections node:internal/process/task_queues:[2m104:5[22m[39m
System.Management.Automation.RemoteException
[31m[2mΓÄ»ΓÄ»ΓÄ»ΓÄ»ΓÄ»ΓÄ»ΓÄ»ΓÄ»ΓÄ»ΓÄ»ΓÄ»ΓÄ»ΓÄ»ΓÄ»ΓÄ»ΓÄ»ΓÄ»ΓÄ»ΓÄ»ΓÄ»ΓÄ»ΓÄ»ΓÄ»ΓÄ»ΓÄ»ΓÄ»ΓÄ»ΓÄ»ΓÄ»ΓÄ»[22m[39m
[31m[1mSerialized Error:[22m[39m [90m{ errno: -4094, code: 'UNKNOWN', syscall: 'spawn' }[39m
System.Management.Automation.RemoteException
[31mΓÄ»ΓÄ»ΓÄ»ΓÄ»ΓÄ»ΓÄ»[39m[1m[41m Unhandled Error [49m[22m[31mΓÄ»ΓÄ»ΓÄ»ΓÄ»ΓÄ»ΓÄ»ΓÄ»[39m
[31m[1mError[22m: [vitest-pool]: Failed to start forks worker for test files C:/Users/developer/Documents/manholes-mapper/frontend/tests/unit/fc-panels.test.ts.[39m
[90m [2mΓ¥»[22m ../node_modules/vitest/dist/chunks/cli-api.Cx2DW4Bc.js:[2m8046:94[22m[39m
[90m [2mΓ¥»[22m processTicksAndRejections node:internal/process/task_queues:[2m104:5[22m[39m
[90m [2mΓ¥»[22m Pool.schedule ../node_modules/vitest/dist/chunks/cli-api.Cx2DW4Bc.js:[2m8046:5[22m[39m
System.Management.Automation.RemoteException
[31m[1mCaused by: Error[22m: spawn UNKNOWN[39m
[90m [2mΓ¥»[22m ChildProcess.spawn node:internal/child_process:[2m421:11[22m[39m
[90m [2mΓ¥»[22m spawn node:child_process:[2m796:9[22m[39m
[90m [2mΓ¥»[22m fork node:child_process:[2m174:10[22m[39m
[90m [2mΓ¥»[22m ForksPoolWorker.start ../node_modules/vitest/dist/chunks/cli-api.Cx2DW4Bc.js:[2m7669:18[22m[39m
[90m [2mΓ¥»[22m ../node_modules/vitest/dist/chunks/cli-api.Cx2DW4Bc.js:[2m7485:119[22m[39m
[90m [2mΓ¥»[22m Traces.$ ../node_modules/vitest/dist/chunks/traces.CCmnQaNT.js:[2m142:27[22m[39m
[90m [2mΓ¥»[22m PoolRunner.start ../node_modules/vitest/dist/chunks/cli-api.Cx2DW4Bc.js:[2m7485:23[22m[39m
[90m [2mΓ¥»[22m Pool.schedule ../node_modules/vitest/dist/chunks/cli-api.Cx2DW4Bc.js:[2m8046:18[22m[39m
[90m [2mΓ¥»[22m Pool.schedule ../node_modules/vitest/dist/chunks/cli-api.Cx2DW4Bc.js:[2m8073:15[22m[39m
[90m [2mΓ¥»[22m processTicksAndRejections node:internal/process/task_queues:[2m104:5[22m[39m
System.Management.Automation.RemoteException
[31m[2mΓÄ»ΓÄ»ΓÄ»ΓÄ»ΓÄ»ΓÄ»ΓÄ»ΓÄ»ΓÄ»ΓÄ»ΓÄ»ΓÄ»ΓÄ»ΓÄ»ΓÄ»ΓÄ»ΓÄ»ΓÄ»ΓÄ»ΓÄ»ΓÄ»ΓÄ»ΓÄ»ΓÄ»ΓÄ»ΓÄ»ΓÄ»ΓÄ»ΓÄ»ΓÄ»[22m[39m
[31m[1mSerialized Error:[22m[39m [90m{ errno: -4094, code: 'UNKNOWN', syscall: 'spawn' }[39m
System.Management.Automation.RemoteException
[31mΓÄ»ΓÄ»ΓÄ»ΓÄ»ΓÄ»ΓÄ»[39m[1m[41m Unhandled Error [49m[22m[31mΓÄ»ΓÄ»ΓÄ»ΓÄ»ΓÄ»ΓÄ»ΓÄ»[39m
[31m[1mError[22m: [vitest-pool]: Failed to start forks worker for test files C:/Users/developer/Documents/manholes-mapper/frontend/tests/unit/admin-organizations.test.ts.[39m
[90m [2mΓ¥»[22m ../node_modules/vitest/dist/chunks/cli-api.Cx2DW4Bc.js:[2m8046:94[22m[39m
[90m [2mΓ¥»[22m processTicksAndRejections node:internal/process/task_queues:[2m104:5[22m[39m
[90m [2mΓ¥»[22m Pool.schedule ../node_modules/vitest/dist/chunks/cli-api.Cx2DW4Bc.js:[2m8046:5[22m[39m
System.Management.Automation.RemoteException
[31m[1mCaused by: Error[22m: spawn UNKNOWN[39m
[90m [2mΓ¥»[22m ChildProcess.spawn node:internal/child_process:[2m421:11[22m[39m
[90m [2mΓ¥»[22m spawn node:child_process:[2m796:9[22m[39m
[90m [2mΓ¥»[22m fork node:child_process:[2m174:10[22m[39m
[90m [2mΓ¥»[22m ForksPoolWorker.start ../node_modules/vitest/dist/chunks/cli-api.Cx2DW4Bc.js:[2m7669:18[22m[39m
[90m [2mΓ¥»[22m ../node_modules/vitest/dist/chunks/cli-api.Cx2DW4Bc.js:[2m7485:119[22m[39m
[90m [2mΓ¥»[22m Traces.$ ../node_modules/vitest/dist/chunks/traces.CCmnQaNT.js:[2m142:27[22m[39m
[90m [2mΓ¥»[22m PoolRunner.start ../node_modules/vitest/dist/chunks/cli-api.Cx2DW4Bc.js:[2m7485:23[22m[39m
[90m [2mΓ¥»[22m Pool.schedule ../node_modules/vitest/dist/chunks/cli-api.Cx2DW4Bc.js:[2m8046:18[22m[39m
[90m [2mΓ¥»[22m Pool.schedule ../node_modules/vitest/dist/chunks/cli-api.Cx2DW4Bc.js:[2m8073:15[22m[39m
[90m [2mΓ¥»[22m processTicksAndRejections node:internal/process/task_queues:[2m104:5[22m[39m
System.Management.Automation.RemoteException
[31m[2mΓÄ»ΓÄ»ΓÄ»ΓÄ»ΓÄ»ΓÄ»ΓÄ»ΓÄ»ΓÄ»ΓÄ»ΓÄ»ΓÄ»ΓÄ»ΓÄ»ΓÄ»ΓÄ»ΓÄ»ΓÄ»ΓÄ»ΓÄ»ΓÄ»ΓÄ»ΓÄ»ΓÄ»ΓÄ»ΓÄ»ΓÄ»ΓÄ»ΓÄ»ΓÄ»[22m[39m
[31m[1mSerialized Error:[22m[39m [90m{ errno: -4094, code: 'UNKNOWN', syscall: 'spawn' }[39m
System.Management.Automation.RemoteException
[31mΓÄ»ΓÄ»ΓÄ»ΓÄ»ΓÄ»ΓÄ»[39m[1m[41m Unhandled Error [49m[22m[31mΓÄ»ΓÄ»ΓÄ»ΓÄ»ΓÄ»ΓÄ»ΓÄ»[39m
[31m[1mError[22m: [vitest-pool]: Failed to start forks worker for test files C:/Users/developer/Documents/manholes-mapper/frontend/tests/unit/spatial-grid.test.ts.[39m
[90m [2mΓ¥»[22m ../node_modules/vitest/dist/chunks/cli-api.Cx2DW4Bc.js:[2m8046:94[22m[39m
[90m [2mΓ¥»[22m processTicksAndRejections node:internal/process/task_queues:[2m104:5[22m[39m
[90m [2mΓ¥»[22m Pool.schedule ../node_modules/vitest/dist/chunks/cli-api.Cx2DW4Bc.js:[2m8046:5[22m[39m
System.Management.Automation.RemoteException
[31m[1mCaused by: Error[22m: spawn UNKNOWN[39m
[90m [2mΓ¥»[22m ChildProcess.spawn node:internal/child_process:[2m421:11[22m[39m
[90m [2mΓ¥»[22m spawn node:child_process:[2m796:9[22m[39m
[90m [2mΓ¥»[22m fork node:child_process:[2m174:10[22m[39m
[90m [2mΓ¥»[22m ForksPoolWorker.start ../node_modules/vitest/dist/chunks/cli-api.Cx2DW4Bc.js:[2m7669:18[22m[39m
[90m [2mΓ¥»[22m ../node_modules/vitest/dist/chunks/cli-api.Cx2DW4Bc.js:[2m7485:119[22m[39m
[90m [2mΓ¥»[22m Traces.$ ../node_modules/vitest/dist/chunks/traces.CCmnQaNT.js:[2m142:27[22m[39m
[90m [2mΓ¥»[22m PoolRunner.start ../node_modules/vitest/dist/chunks/cli-api.Cx2DW4Bc.js:[2m7485:23[22m[39m
[90m [2mΓ¥»[22m Pool.schedule ../node_modules/vitest/dist/chunks/cli-api.Cx2DW4Bc.js:[2m8046:18[22m[39m
[90m [2mΓ¥»[22m Pool.schedule ../node_modules/vitest/dist/chunks/cli-api.Cx2DW4Bc.js:[2m8073:15[22m[39m
[90m [2mΓ¥»[22m processTicksAndRejections node:internal/process/task_queues:[2m104:5[22m[39m
System.Management.Automation.RemoteException
[31m[2mΓÄ»ΓÄ»ΓÄ»ΓÄ»ΓÄ»ΓÄ»ΓÄ»ΓÄ»ΓÄ»ΓÄ»ΓÄ»ΓÄ»ΓÄ»ΓÄ»ΓÄ»ΓÄ»ΓÄ»ΓÄ»ΓÄ»ΓÄ»ΓÄ»ΓÄ»ΓÄ»ΓÄ»ΓÄ»ΓÄ»ΓÄ»ΓÄ»ΓÄ»ΓÄ»[22m[39m
[31m[1mSerialized Error:[22m[39m [90m{ errno: -4094, code: 'UNKNOWN', syscall: 'spawn' }[39m
System.Management.Automation.RemoteException
[31mΓÄ»ΓÄ»ΓÄ»ΓÄ»ΓÄ»ΓÄ»[39m[1m[41m Unhandled Error [49m[22m[31mΓÄ»ΓÄ»ΓÄ»ΓÄ»ΓÄ»ΓÄ»ΓÄ»[39m
[31m[1mError[22m: [vitest-pool]: Failed to start forks worker for test files C:/Users/developer/Documents/manholes-mapper/frontend/tests/unit/three-d-camera-framing.test.ts.[39m
[90m [2mΓ¥»[22m ../node_modules/vitest/dist/chunks/cli-api.Cx2DW4Bc.js:[2m8046:94[22m[39m
[90m [2mΓ¥»[22m processTicksAndRejections node:internal/process/task_queues:[2m104:5[22m[39m
[90m [2mΓ¥»[22m Pool.schedule ../node_modules/vitest/dist/chunks/cli-api.Cx2DW4Bc.js:[2m8046:5[22m[39m
System.Management.Automation.RemoteException
[31m[1mCaused by: Error[22m: spawn UNKNOWN[39m
[90m [2mΓ¥»[22m ChildProcess.spawn node:internal/child_process:[2m421:11[22m[39m
[90m [2mΓ¥»[22m spawn node:child_process:[2m796:9[22m[39m
[90m [2mΓ¥»[22m fork node:child_process:[2m174:10[22m[39m
[90m [2mΓ¥»[22m ForksPoolWorker.start ../node_modules/vitest/dist/chunks/cli-api.Cx2DW4Bc.js:[2m7669:18[22m[39m
[90m [2mΓ¥»[22m ../node_modules/vitest/dist/chunks/cli-api.Cx2DW4Bc.js:[2m7485:119[22m[39m
[90m [2mΓ¥»[22m Traces.$ ../node_modules/vitest/dist/chunks/traces.CCmnQaNT.js:[2m142:27[22m[39m
[90m [2mΓ¥»[22m PoolRunner.start ../node_modules/vitest/dist/chunks/cli-api.Cx2DW4Bc.js:[2m7485:23[22m[39m
[90m [2mΓ¥»[22m Pool.schedule ../node_modules/vitest/dist/chunks/cli-api.Cx2DW4Bc.js:[2m8046:18[22m[39m
[90m [2mΓ¥»[22m Pool.schedule ../node_modules/vitest/dist/chunks/cli-api.Cx2DW4Bc.js:[2m8073:15[22m[39m
[90m [2mΓ¥»[22m processTicksAndRejections node:internal/process/task_queues:[2m104:5[22m[39m
System.Management.Automation.RemoteException
[31m[2mΓÄ»ΓÄ»ΓÄ»ΓÄ»ΓÄ»ΓÄ»ΓÄ»ΓÄ»ΓÄ»ΓÄ»ΓÄ»ΓÄ»ΓÄ»ΓÄ»ΓÄ»ΓÄ»ΓÄ»ΓÄ»ΓÄ»ΓÄ»ΓÄ»ΓÄ»ΓÄ»ΓÄ»ΓÄ»ΓÄ»ΓÄ»ΓÄ»ΓÄ»ΓÄ»[22m[39m
[31m[1mSerialized Error:[22m[39m [90m{ errno: -4094, code: 'UNKNOWN', syscall: 'spawn' }[39m
System.Management.Automation.RemoteException
[31mΓÄ»ΓÄ»ΓÄ»ΓÄ»ΓÄ»ΓÄ»[39m[1m[41m Unhandled Error [49m[22m[31mΓÄ»ΓÄ»ΓÄ»ΓÄ»ΓÄ»ΓÄ»ΓÄ»[39m
[31m[1mError[22m: [vitest-pool]: Failed to start forks worker for test files C:/Users/developer/Documents/manholes-mapper/frontend/tests/unit/three-d-view-module.test.ts.[39m
[90m [2mΓ¥»[22m ../node_modules/vitest/dist/chunks/cli-api.Cx2DW4Bc.js:[2m8046:94[22m[39m
[90m [2mΓ¥»[22m processTicksAndRejections node:internal/process/task_queues:[2m104:5[22m[39m
[90m [2mΓ¥»[22m Pool.schedule ../node_modules/vitest/dist/chunks/cli-api.Cx2DW4Bc.js:[2m8046:5[22m[39m
System.Management.Automation.RemoteException
[31m[1mCaused by: Error[22m: spawn UNKNOWN[39m
[90m [2mΓ¥»[22m ChildProcess.spawn node:internal/child_process:[2m421:11[22m[39m
[90m [2mΓ¥»[22m spawn node:child_process:[2m796:9[22m[39m
[90m [2mΓ¥»[22m fork node:child_process:[2m174:10[22m[39m
[90m [2mΓ¥»[22m ForksPoolWorker.start ../node_modules/vitest/dist/chunks/cli-api.Cx2DW4Bc.js:[2m7669:18[22m[39m
[90m [2mΓ¥»[22m ../node_modules/vitest/dist/chunks/cli-api.Cx2DW4Bc.js:[2m7485:119[22m[39m
[90m [2mΓ¥»[22m Traces.$ ../node_modules/vitest/dist/chunks/traces.CCmnQaNT.js:[2m142:27[22m[39m
[90m [2mΓ¥»[22m PoolRunner.start ../node_modules/vitest/dist/chunks/cli-api.Cx2DW4Bc.js:[2m7485:23[22m[39m
[90m [2mΓ¥»[22m Pool.schedule ../node_modules/vitest/dist/chunks/cli-api.Cx2DW4Bc.js:[2m8046:18[22m[39m
[90m [2mΓ¥»[22m Pool.schedule ../node_modules/vitest/dist/chunks/cli-api.Cx2DW4Bc.js:[2m8073:15[22m[39m
[90m [2mΓ¥»[22m processTicksAndRejections node:internal/process/task_queues:[2m104:5[22m[39m
System.Management.Automation.RemoteException
[31m[2mΓÄ»ΓÄ»ΓÄ»ΓÄ»ΓÄ»ΓÄ»ΓÄ»ΓÄ»ΓÄ»ΓÄ»ΓÄ»ΓÄ»ΓÄ»ΓÄ»ΓÄ»ΓÄ»ΓÄ»ΓÄ»ΓÄ»ΓÄ»ΓÄ»ΓÄ»ΓÄ»ΓÄ»ΓÄ»ΓÄ»ΓÄ»ΓÄ»ΓÄ»ΓÄ»[22m[39m
[31m[1mSerialized Error:[22m[39m [90m{ errno: -4094, code: 'UNKNOWN', syscall: 'spawn' }[39m
System.Management.Automation.RemoteException
[31mΓÄ»ΓÄ»ΓÄ»ΓÄ»ΓÄ»ΓÄ»[39m[1m[41m Unhandled Error [49m[22m[31mΓÄ»ΓÄ»ΓÄ»ΓÄ»ΓÄ»ΓÄ»ΓÄ»[39m
[31m[1mError[22m: [vitest-pool]: Failed to start forks worker for test files C:/Users/developer/Documents/manholes-mapper/frontend/tests/unit/progressive-renderer.test.ts.[39m
[90m [2mΓ¥»[22m ../node_modules/vitest/dist/chunks/cli-api.Cx2DW4Bc.js:[2m8046:94[22m[39m
[90m [2mΓ¥»[22m processTicksAndRejections node:internal/process/task_queues:[2m104:5[22m[39m
[90m [2mΓ¥»[22m Pool.schedule ../node_modules/vitest/dist/chunks/cli-api.Cx2DW4Bc.js:[2m8046:5[22m[39m
System.Management.Automation.RemoteException
[31m[1mCaused by: Error[22m: spawn UNKNOWN[39m
[90m [2mΓ¥»[22m ChildProcess.spawn node:internal/child_process:[2m421:11[22m[39m
[90m [2mΓ¥»[22m spawn node:child_process:[2m796:9[22m[39m
[90m [2mΓ¥»[22m fork node:child_process:[2m174:10[22m[39m
[90m [2mΓ¥»[22m ForksPoolWorker.start ../node_modules/vitest/dist/chunks/cli-api.Cx2DW4Bc.js:[2m7669:18[22m[39m
[90m [2mΓ¥»[22m ../node_modules/vitest/dist/chunks/cli-api.Cx2DW4Bc.js:[2m7485:119[22m[39m
[90m [2mΓ¥»[22m Traces.$ ../node_modules/vitest/dist/chunks/traces.CCmnQaNT.js:[2m142:27[22m[39m
[90m [2mΓ¥»[22m PoolRunner.start ../node_modules/vitest/dist/chunks/cli-api.Cx2DW4Bc.js:[2m7485:23[22m[39m
[90m [2mΓ¥»[22m Pool.schedule ../node_modules/vitest/dist/chunks/cli-api.Cx2DW4Bc.js:[2m8046:18[22m[39m
[90m [2mΓ¥»[22m Pool.schedule ../node_modules/vitest/dist/chunks/cli-api.Cx2DW4Bc.js:[2m8073:15[22m[39m
[90m [2mΓ¥»[22m processTicksAndRejections node:internal/process/task_queues:[2m104:5[22m[39m
System.Management.Automation.RemoteException
[31m[2mΓÄ»ΓÄ»ΓÄ»ΓÄ»ΓÄ»ΓÄ»ΓÄ»ΓÄ»ΓÄ»ΓÄ»ΓÄ»ΓÄ»ΓÄ»ΓÄ»ΓÄ»ΓÄ»ΓÄ»ΓÄ»ΓÄ»ΓÄ»ΓÄ»ΓÄ»ΓÄ»ΓÄ»ΓÄ»ΓÄ»ΓÄ»ΓÄ»ΓÄ»ΓÄ»[22m[39m
[31m[1mSerialized Error:[22m[39m [90m{ errno: -4094, code: 'UNKNOWN', syscall: 'spawn' }[39m
System.Management.Automation.RemoteException
[31mΓÄ»ΓÄ»ΓÄ»ΓÄ»ΓÄ»ΓÄ»[39m[1m[41m Unhandled Error [49m[22m[31mΓÄ»ΓÄ»ΓÄ»ΓÄ»ΓÄ»ΓÄ»ΓÄ»[39m
[31m[1mError[22m: [vitest-pool]: Failed to start forks worker for test files C:/Users/developer/Documents/manholes-mapper/frontend/tests/unit/admin-statistics.test.ts.[39m
[90m [2mΓ¥»[22m ../node_modules/vitest/dist/chunks/cli-api.Cx2DW4Bc.js:[2m8046:94[22m[39m
[90m [2mΓ¥»[22m processTicksAndRejections node:internal/process/task_queues:[2m104:5[22m[39m
[90m [2mΓ¥»[22m Pool.schedule ../node_modules/vitest/dist/chunks/cli-api.Cx2DW4Bc.js:[2m8046:5[22m[39m
System.Management.Automation.RemoteException
[31m[1mCaused by: Error[22m: spawn UNKNOWN[39m
[90m [2mΓ¥»[22m ChildProcess.spawn node:internal/child_process:[2m421:11[22m[39m
[90m [2mΓ¥»[22m spawn node:child_process:[2m796:9[22m[39m
[90m [2mΓ¥»[22m fork node:child_process:[2m174:10[22m[39m
[90m [2mΓ¥»[22m ForksPoolWorker.start ../node_modules/vitest/dist/chunks/cli-api.Cx2DW4Bc.js:[2m7669:18[22m[39m
[90m [2mΓ¥»[22m ../node_modules/vitest/dist/chunks/cli-api.Cx2DW4Bc.js:[2m7485:119[22m[39m
[90m [2mΓ¥»[22m Traces.$ ../node_modules/vitest/dist/chunks/traces.CCmnQaNT.js:[2m142:27[22m[39m
[90m [2mΓ¥»[22m PoolRunner.start ../node_modules/vitest/dist/chunks/cli-api.Cx2DW4Bc.js:[2m7485:23[22m[39m
[90m [2mΓ¥»[22m Pool.schedule ../node_modules/vitest/dist/chunks/cli-api.Cx2DW4Bc.js:[2m8046:18[22m[39m
[90m [2mΓ¥»[22m Pool.schedule ../node_modules/vitest/dist/chunks/cli-api.Cx2DW4Bc.js:[2m8073:15[22m[39m
[90m [2mΓ¥»[22m processTicksAndRejections node:internal/process/task_queues:[2m104:5[22m[39m
System.Management.Automation.RemoteException
[31m[2mΓÄ»ΓÄ»ΓÄ»ΓÄ»ΓÄ»ΓÄ»ΓÄ»ΓÄ»ΓÄ»ΓÄ»ΓÄ»ΓÄ»ΓÄ»ΓÄ»ΓÄ»ΓÄ»ΓÄ»ΓÄ»ΓÄ»ΓÄ»ΓÄ»ΓÄ»ΓÄ»ΓÄ»ΓÄ»ΓÄ»ΓÄ»ΓÄ»ΓÄ»ΓÄ»[22m[39m
[31m[1mSerialized Error:[22m[39m [90m{ errno: -4094, code: 'UNKNOWN', syscall: 'spawn' }[39m
[31mΓÄ»ΓÄ»ΓÄ»ΓÄ»ΓÄ»ΓÄ»ΓÄ»ΓÄ»ΓÄ»ΓÄ»ΓÄ»ΓÄ»ΓÄ»ΓÄ»ΓÄ»ΓÄ»ΓÄ»ΓÄ»ΓÄ»ΓÄ»ΓÄ»ΓÄ»ΓÄ»ΓÄ»ΓÄ»ΓÄ»ΓÄ»ΓÄ»ΓÄ»ΓÄ»[39m
System.Management.Automation.RemoteException

[2m Test Files [22m [1m[32m53 passed[39m[22m[90m (54)[39m
[2m      Tests [22m [1m[32m1361 passed[39m[22m[90m (1383)[39m
[2m     Errors [22m [1m[31m9 errors[39m[22m
[2m   Start at [22m 04:28:08
[2m   Duration [22m 17.52s[2m (transform 1.77s, setup 751ms, import 4.94s, tests 11.14s, environment 55.98s)[22m

[vitest-pool]: Timeout terminating forks worker for test files C:/Users/developer/Documents/manholes-mapper/frontend/tests/unit/spatial-grid.test.ts.
[vitest-pool]: Timeout terminating forks worker for test files C:/Users/developer/Documents/manholes-mapper/frontend/tests/unit/three-d-camera-framing.test.ts.
[vitest-pool]: Timeout terminating forks worker for test files C:/Users/developer/Documents/manholes-mapper/frontend/tests/unit/three-d-view-module.test.ts.
[vitest-pool]: Timeout terminating forks worker for test files C:/Users/developer/Documents/manholes-mapper/frontend/tests/unit/progressive-renderer.test.ts.
[vitest-pool]: Timeout terminating forks worker for test files C:/Users/developer/Documents/manholes-mapper/frontend/tests/unit/admin-statistics.test.ts.
